******************************************************************************
             TMS320C2000 Linker PC v6.2.5                      
******************************************************************************
>> Linked Thu Jul 22 09:59:08 2021

OUTPUT FILE NAME:   <28335_AD7656.out>
ENTRY POINT SYMBOL: "code_start"  address: 00000000


MEMORY CONFIGURATION

         name            origin    length      used     unused   attr    fill
----------------------  --------  ---------  --------  --------  ----  --------
PAGE 0:
  BEGIN                 00000000   00000002  00000002  00000000  RWIX
  BOOT_RSVD             00000002   0000004e  00000000  0000004e  RWIX
  RAMM0                 00000050   000003b0  00000000  000003b0  RWIX
  RAML                  00008000   00003c00  000034c4  0000073c  RWIX
  ZONE7A                00200000   0000fc00  00000000  0000fc00  RWIX
  CSM_RSVD              0033ff80   00000076  00000000  00000076  RWIX
  CSM_PWL               0033fff8   00000008  00000000  00000008  RWIX
  ADC_CAL               00380080   00000009  00000007  00000002  RWIX
  IQTABLES              003fe000   00000b50  00000000  00000b50  RWIX
  IQTABLES2             003feb50   0000008c  00000000  0000008c  RWIX
  FPUTABLES             003febdc   000006a0  00000000  000006a0  RWIX
  BOOTROM               003ff27c   00000d44  00000000  00000d44  RWIX
  RESET                 003fffc0   00000002  00000000  00000002  RWIX

PAGE 1:
  RAMM                  00000400   00000400  000003e8  00000018  RWIX
  DEV_EMU               00000880   00000180  000000d0  000000b0  RWIX
  FLASH_REGS            00000a80   00000060  00000008  00000058  RWIX
  CSM                   00000ae0   00000010  00000010  00000000  RWIX
  ADC_MIRROR            00000b00   00000010  00000010  00000000  RWIX
  XINTF                 00000b20   00000020  0000001e  00000002  RWIX
  CPU_TIMER0            00000c00   00000008  00000008  00000000  RWIX
  CPU_TIMER1            00000c08   00000008  00000008  00000000  RWIX
  CPU_TIMER2            00000c10   00000008  00000008  00000000  RWIX
  PIE_CTRL              00000ce0   00000020  0000001a  00000006  RWIX
  PIE_VECT              00000d00   00000100  00000100  00000000  RWIX
  DMA                   00001000   00000200  000000e0  00000120  RWIX
  MCBSPA                00005000   00000040  00000025  0000001b  RWIX
  MCBSPB                00005040   00000040  00000025  0000001b  RWIX
  ECANA                 00006000   00000040  00000034  0000000c  RWIX
  ECANA_LAM             00006040   00000040  00000040  00000000  RWIX
  ECANA_MOTS            00006080   00000040  00000040  00000000  RWIX
  ECANA_MOTO            000060c0   00000040  00000040  00000000  RWIX
  ECANA_MBOX            00006100   00000100  00000100  00000000  RWIX
  ECANB                 00006200   00000040  00000034  0000000c  RWIX
  ECANB_LAM             00006240   00000040  00000040  00000000  RWIX
  ECANB_MOTS            00006280   00000040  00000040  00000000  RWIX
  ECANB_MOTO            000062c0   00000040  00000040  00000000  RWIX
  ECANB_MBOX            00006300   00000100  00000100  00000000  RWIX
  EPWM1                 00006800   00000022  00000022  00000000  RWIX
  EPWM2                 00006840   00000022  00000022  00000000  RWIX
  EPWM3                 00006880   00000022  00000022  00000000  RWIX
  EPWM4                 000068c0   00000022  00000022  00000000  RWIX
  EPWM5                 00006900   00000022  00000022  00000000  RWIX
  EPWM6                 00006940   00000022  00000022  00000000  RWIX
  ECAP1                 00006a00   00000020  00000020  00000000  RWIX
  ECAP2                 00006a20   00000020  00000020  00000000  RWIX
  ECAP3                 00006a40   00000020  00000020  00000000  RWIX
  ECAP4                 00006a60   00000020  00000020  00000000  RWIX
  ECAP5                 00006a80   00000020  00000020  00000000  RWIX
  ECAP6                 00006aa0   00000020  00000020  00000000  RWIX
  EQEP1                 00006b00   00000040  00000040  00000000  RWIX
  EQEP2                 00006b40   00000040  00000040  00000000  RWIX
  GPIOCTRL              00006f80   00000040  0000002e  00000012  RWIX
  GPIODAT               00006fc0   00000020  00000020  00000000  RWIX
  GPIOINT               00006fe0   00000020  0000000a  00000016  RWIX
  SYSTEM                00007010   00000020  00000020  00000000  RWIX
  SPIA                  00007040   00000010  00000010  00000000  RWIX
  SCIA                  00007050   00000010  00000010  00000000  RWIX
  XINTRUPT              00007070   00000010  00000010  00000000  RWIX
  ADC                   00007100   00000020  0000001e  00000002  RWIX
  SCIB                  00007750   00000010  00000010  00000000  RWIX
  SCIC                  00007770   00000010  00000010  00000000  RWIX
  I2CA                  00007900   00000040  00000022  0000001e  RWIX
  RAMH                  0000bc00   000043f0  000042be  00000132  RWIX
  AD                    0000fff0   00000010  00000008  00000008  RWIX
  Zone6Data             00180000   00040000  00008700  00037900  RWIX
  Zone6Data1            001c1000   0001f000  00000000  0001f000  RWIX
  ZONE7B                0020fc00   00000400  00000000  00000400  RWIX
  CSM_PWL               0033fff8   00000008  00000008  00000000  RWIX


SECTION ALLOCATION MAP

 output                                  attributes/
section   page    origin      length       input sections
--------  ----  ----------  ----------   ----------------
codestart 
*          0    00000000    00000002     
                  00000000    00000002     DSP2833x_CodeStartBranch.obj (codestart)

.pinit     0    00008000    00000000     UNINITIALIZED

ramfuncs   0    00008000    00002238     
                  00008000    00001ea8     fft8g.obj (ramfuncs)
                  00009ea8    000001e3     NLI.obj (ramfuncs)
                  0000a08b    00000109     net.obj (ramfuncs)
                  0000a194    00000081     NLI.obj (ramfuncs:retain)
                  0000a215    0000001f     DSP2833x_SysCtrl.obj (ramfuncs)
                  0000a234    00000004     DSP2833x_usDelay.obj (ramfuncs)

.text      0    0000a238    00001241     
                  0000a238    000003f4     DSP2833x_DMA.obj (.text)
                  0000a62c    00000347     net.obj (.text)
                  0000a973    00000323     DSP2833x_DefaultIsr.obj (.text:retain)
                  0000ac96    00000164     fft8g.obj (.text)
                  0000adfa    00000141     NLI.obj (.text)
                  0000af3b    00000107     DSP2833x_Xintf.obj (.text)
                  0000b042    000000f7     DSP2833x_SysCtrl.obj (.text)
                  0000b139    00000088     rts2800_fpu32.lib : fs_div.obj (.text)
                  0000b1c1    0000007c     DSP2833x_CpuTimers.obj (.text)
                  0000b23d    0000006f     rts2800_fpu32.lib : atan.obj (.text)
                  0000b2ac    00000061                       : cos.obj (.text)
                  0000b30d    00000058                       : sin.obj (.text)
                  0000b365    00000046                       : boot.obj (.text)
                  0000b3ab    00000028     DSP2833x_PieCtrl.obj (.text)
                  0000b3d3    00000022     rts2800_fpu32.lib : i_div.obj (.text)
                  0000b3f5    00000021                       : memcpy_ff.obj (.text)
                  0000b416    00000020     DSP2833x_PieVect.obj (.text)
                  0000b436    00000019     rts2800_fpu32.lib : args_main.obj (.text)
                  0000b44f    00000019                       : exit.obj (.text)
                  0000b468    00000009                       : _lock.obj (.text)
                  0000b471    00000008     DSP2833x_CodeStartBranch.obj (.text)

.cinit     0    0000b479    0000004b     
                  0000b479    0000002c     NLI.obj (.cinit)
                  0000b4a5    0000000a     rts2800_fpu32.lib : _lock.obj (.cinit)
                  0000b4af    0000000a                       : exit.obj (.cinit)
                  0000b4b9    00000009     net.obj (.cinit)
                  0000b4c2    00000002     --HOLE-- [fill = 0]

csm_rsvd   0    0033ff80    00000000     DSECT

csmpasswds 
*          0    0033fff8    00000000     DSECT

.adc_cal   0    00380080    00000007     NOLOAD SECTION
                  00380080    00000007     DSP2833x_ADC_cal.obj (.adc_cal)

.reset     0    003fffc0    00000002     DSECT
                  003fffc0    00000002     rts2800_fpu32.lib : boot.obj (.reset)

.stack     1    00000400    000003e8     UNINITIALIZED
                  00000400    000003e8     --HOLE--

DevEmuRegsFile 
*          1    00000880    000000d0     UNINITIALIZED
                  00000880    000000d0     DSP2833x_GlobalVariableDefs.obj (DevEmuRegsFile)

FlashRegsFile 
*          1    00000a80    00000008     UNINITIALIZED
                  00000a80    00000008     DSP2833x_GlobalVariableDefs.obj (FlashRegsFile)

CsmRegsFile 
*          1    00000ae0    00000010     UNINITIALIZED
                  00000ae0    00000010     DSP2833x_GlobalVariableDefs.obj (CsmRegsFile)

AdcMirrorFile 
*          1    00000b00    00000010     UNINITIALIZED
                  00000b00    00000010     DSP2833x_GlobalVariableDefs.obj (AdcMirrorFile)

XintfRegsFile 
*          1    00000b20    0000001e     UNINITIALIZED
                  00000b20    0000001e     DSP2833x_GlobalVariableDefs.obj (XintfRegsFile)

CpuTimer0RegsFile 
*          1    00000c00    00000008     UNINITIALIZED
                  00000c00    00000008     DSP2833x_GlobalVariableDefs.obj (CpuTimer0RegsFile)

CpuTimer1RegsFile 
*          1    00000c08    00000008     UNINITIALIZED
                  00000c08    00000008     DSP2833x_GlobalVariableDefs.obj (CpuTimer1RegsFile)

CpuTimer2RegsFile 
*          1    00000c10    00000008     UNINITIALIZED
                  00000c10    00000008     DSP2833x_GlobalVariableDefs.obj (CpuTimer2RegsFile)

PieCtrlRegsFile 
*          1    00000ce0    0000001a     UNINITIALIZED
                  00000ce0    0000001a     DSP2833x_GlobalVariableDefs.obj (PieCtrlRegsFile)

PieVectTableFile 
*          1    00000d00    00000100     UNINITIALIZED
                  00000d00    00000100     DSP2833x_GlobalVariableDefs.obj (PieVectTableFile)

DmaRegsFile 
*          1    00001000    000000e0     UNINITIALIZED
                  00001000    000000e0     DSP2833x_GlobalVariableDefs.obj (DmaRegsFile)

McbspaRegsFile 
*          1    00005000    00000025     UNINITIALIZED
                  00005000    00000025     DSP2833x_GlobalVariableDefs.obj (McbspaRegsFile)

McbspbRegsFile 
*          1    00005040    00000025     UNINITIALIZED
                  00005040    00000025     DSP2833x_GlobalVariableDefs.obj (McbspbRegsFile)

ECanaRegsFile 
*          1    00006000    00000034     UNINITIALIZED
                  00006000    00000034     DSP2833x_GlobalVariableDefs.obj (ECanaRegsFile)

ECanaLAMRegsFile 
*          1    00006040    00000040     UNINITIALIZED
                  00006040    00000040     DSP2833x_GlobalVariableDefs.obj (ECanaLAMRegsFile)

ECanaMOTSRegsFile 
*          1    00006080    00000040     UNINITIALIZED
                  00006080    00000040     DSP2833x_GlobalVariableDefs.obj (ECanaMOTSRegsFile)

ECanaMOTORegsFile 
*          1    000060c0    00000040     UNINITIALIZED
                  000060c0    00000040     DSP2833x_GlobalVariableDefs.obj (ECanaMOTORegsFile)

ECanaMboxesFile 
*          1    00006100    00000100     UNINITIALIZED
                  00006100    00000100     DSP2833x_GlobalVariableDefs.obj (ECanaMboxesFile)

ECanbRegsFile 
*          1    00006200    00000034     UNINITIALIZED
                  00006200    00000034     DSP2833x_GlobalVariableDefs.obj (ECanbRegsFile)

ECanbLAMRegsFile 
*          1    00006240    00000040     UNINITIALIZED
                  00006240    00000040     DSP2833x_GlobalVariableDefs.obj (ECanbLAMRegsFile)

ECanbMOTSRegsFile 
*          1    00006280    00000040     UNINITIALIZED
                  00006280    00000040     DSP2833x_GlobalVariableDefs.obj (ECanbMOTSRegsFile)

ECanbMOTORegsFile 
*          1    000062c0    00000040     UNINITIALIZED
                  000062c0    00000040     DSP2833x_GlobalVariableDefs.obj (ECanbMOTORegsFile)

ECanbMboxesFile 
*          1    00006300    00000100     UNINITIALIZED
                  00006300    00000100     DSP2833x_GlobalVariableDefs.obj (ECanbMboxesFile)

EPwm1RegsFile 
*          1    00006800    00000022     UNINITIALIZED
                  00006800    00000022     DSP2833x_GlobalVariableDefs.obj (EPwm1RegsFile)

EPwm2RegsFile 
*          1    00006840    00000022     UNINITIALIZED
                  00006840    00000022     DSP2833x_GlobalVariableDefs.obj (EPwm2RegsFile)

EPwm3RegsFile 
*          1    00006880    00000022     UNINITIALIZED
                  00006880    00000022     DSP2833x_GlobalVariableDefs.obj (EPwm3RegsFile)

EPwm4RegsFile 
*          1    000068c0    00000022     UNINITIALIZED
                  000068c0    00000022     DSP2833x_GlobalVariableDefs.obj (EPwm4RegsFile)

EPwm5RegsFile 
*          1    00006900    00000022     UNINITIALIZED
                  00006900    00000022     DSP2833x_GlobalVariableDefs.obj (EPwm5RegsFile)

EPwm6RegsFile 
*          1    00006940    00000022     UNINITIALIZED
                  00006940    00000022     DSP2833x_GlobalVariableDefs.obj (EPwm6RegsFile)

ECap1RegsFile 
*          1    00006a00    00000020     UNINITIALIZED
                  00006a00    00000020     DSP2833x_GlobalVariableDefs.obj (ECap1RegsFile)

ECap2RegsFile 
*          1    00006a20    00000020     UNINITIALIZED
                  00006a20    00000020     DSP2833x_GlobalVariableDefs.obj (ECap2RegsFile)

ECap3RegsFile 
*          1    00006a40    00000020     UNINITIALIZED
                  00006a40    00000020     DSP2833x_GlobalVariableDefs.obj (ECap3RegsFile)

ECap4RegsFile 
*          1    00006a60    00000020     UNINITIALIZED
                  00006a60    00000020     DSP2833x_GlobalVariableDefs.obj (ECap4RegsFile)

ECap5RegsFile 
*          1    00006a80    00000020     UNINITIALIZED
                  00006a80    00000020     DSP2833x_GlobalVariableDefs.obj (ECap5RegsFile)

ECap6RegsFile 
*          1    00006aa0    00000020     UNINITIALIZED
                  00006aa0    00000020     DSP2833x_GlobalVariableDefs.obj (ECap6RegsFile)

EQep1RegsFile 
*          1    00006b00    00000040     UNINITIALIZED
                  00006b00    00000040     DSP2833x_GlobalVariableDefs.obj (EQep1RegsFile)

EQep2RegsFile 
*          1    00006b40    00000040     UNINITIALIZED
                  00006b40    00000040     DSP2833x_GlobalVariableDefs.obj (EQep2RegsFile)

GpioCtrlRegsFile 
*          1    00006f80    0000002e     UNINITIALIZED
                  00006f80    0000002e     DSP2833x_GlobalVariableDefs.obj (GpioCtrlRegsFile)

GpioDataRegsFile 
*          1    00006fc0    00000020     UNINITIALIZED
                  00006fc0    00000020     DSP2833x_GlobalVariableDefs.obj (GpioDataRegsFile)

GpioIntRegsFile 
*          1    00006fe0    0000000a     UNINITIALIZED
                  00006fe0    0000000a     DSP2833x_GlobalVariableDefs.obj (GpioIntRegsFile)

SysCtrlRegsFile 
*          1    00007010    00000020     UNINITIALIZED
                  00007010    00000020     DSP2833x_GlobalVariableDefs.obj (SysCtrlRegsFile)

SpiaRegsFile 
*          1    00007040    00000010     UNINITIALIZED
                  00007040    00000010     DSP2833x_GlobalVariableDefs.obj (SpiaRegsFile)

SciaRegsFile 
*          1    00007050    00000010     UNINITIALIZED
                  00007050    00000010     DSP2833x_GlobalVariableDefs.obj (SciaRegsFile)

XIntruptRegsFile 
*          1    00007070    00000010     UNINITIALIZED
                  00007070    00000010     DSP2833x_GlobalVariableDefs.obj (XIntruptRegsFile)

AdcRegsFile 
*          1    00007100    0000001e     UNINITIALIZED
                  00007100    0000001e     DSP2833x_GlobalVariableDefs.obj (AdcRegsFile)

ScibRegsFile 
*          1    00007750    00000010     UNINITIALIZED
                  00007750    00000010     DSP2833x_GlobalVariableDefs.obj (ScibRegsFile)

ScicRegsFile 
*          1    00007770    00000010     UNINITIALIZED
                  00007770    00000010     DSP2833x_GlobalVariableDefs.obj (ScicRegsFile)

I2caRegsFile 
*          1    00007900    00000022     UNINITIALIZED
                  00007900    00000022     DSP2833x_GlobalVariableDefs.obj (I2caRegsFile)

.ebss      1    0000bc00    000041af     UNINITIALIZED
                  0000bc00    00004080     NLI.obj (.ebss)
                  0000fc80    000000f2     fft8g.obj (.ebss)
                  0000fd72    00000004     rts2800_fpu32.lib : _lock.obj (.ebss)
                  0000fd76    00000004                       : exit.obj (.ebss)
                  0000fd7a    00000006     --HOLE--
                  0000fd80    00000018     DSP2833x_CpuTimers.obj (.ebss)
                  0000fd98    00000017     net.obj (.ebss)

.econst    1    0000fdb0    0000010f     
                  0000fdb0    00000100     DSP2833x_PieVect.obj (.econst)
                  0000feb0    00000008     rts2800_fpu32.lib : atan.obj (.econst:_a$1)
                  0000feb8    00000003     net.obj (.econst:_MyMAC)
                  0000febb    00000002     net.obj (.econst:_MyIP)
                  0000febd    00000002     net.obj (.econst:_RemoteIP)

AD         1    0000fff0    00000008     UNINITIALIZED
                  0000fff0    00000008     NLI.obj (AD)

ADCDATA    1    00180000    00008700     UNINITIALIZED
                  00180000    00008700     NLI.obj (ADCDATA)

CsmPwlFile 
*          1    0033fff8    00000008     UNINITIALIZED
                  0033fff8    00000008     DSP2833x_GlobalVariableDefs.obj (CsmPwlFile)


GLOBAL DATA SYMBOLS: SORTED BY DATA PAGE

address     data page           name
--------    ----------------    ----
00000400      10 (00000400)     __stack

00000880      22 (00000880)     _DevEmuRegs

00000a80      2a (00000a80)     _FlashRegs

00000ae0      2b (00000ac0)     _CsmRegs

00000b00      2c (00000b00)     _AdcMirror
00000b20      2c (00000b00)     _XintfRegs

00000c00      30 (00000c00)     _CpuTimer0Regs
00000c08      30 (00000c00)     _CpuTimer1Regs
00000c10      30 (00000c00)     _CpuTimer2Regs

00000ce0      33 (00000cc0)     _PieCtrlRegs

00000d00      34 (00000d00)     _PieVectTable

00001000      40 (00001000)     _DmaRegs

00005000     140 (00005000)     _McbspaRegs

00005040     141 (00005040)     _McbspbRegs

00006000     180 (00006000)     _ECanaRegs

00006040     181 (00006040)     _ECanaLAMRegs

00006080     182 (00006080)     _ECanaMOTSRegs

000060c0     183 (000060c0)     _ECanaMOTORegs

00006100     184 (00006100)     _ECanaMboxes

00006200     188 (00006200)     _ECanbRegs

00006240     189 (00006240)     _ECanbLAMRegs

00006280     18a (00006280)     _ECanbMOTSRegs

000062c0     18b (000062c0)     _ECanbMOTORegs

00006300     18c (00006300)     _ECanbMboxes

00006800     1a0 (00006800)     _EPwm1Regs

00006840     1a1 (00006840)     _EPwm2Regs

00006880     1a2 (00006880)     _EPwm3Regs

000068c0     1a3 (000068c0)     _EPwm4Regs

00006900     1a4 (00006900)     _EPwm5Regs

00006940     1a5 (00006940)     _EPwm6Regs

00006a00     1a8 (00006a00)     _ECap1Regs
00006a20     1a8 (00006a00)     _ECap2Regs

00006a40     1a9 (00006a40)     _ECap3Regs
00006a60     1a9 (00006a40)     _ECap4Regs

00006a80     1aa (00006a80)     _ECap5Regs
00006aa0     1aa (00006a80)     _ECap6Regs

00006b00     1ac (00006b00)     _EQep1Regs

00006b40     1ad (00006b40)     _EQep2Regs

00006f80     1be (00006f80)     _GpioCtrlRegs

00006fc0     1bf (00006fc0)     _GpioDataRegs
00006fe0     1bf (00006fc0)     _GpioIntRegs

00007010     1c0 (00007000)     _SysCtrlRegs

00007040     1c1 (00007040)     _SpiaRegs
00007050     1c1 (00007040)     _SciaRegs
00007070     1c1 (00007040)     _XIntruptRegs

00007100     1c4 (00007100)     _AdcRegs

00007750     1dd (00007740)     _ScibRegs
00007770     1dd (00007740)     _ScicRegs

00007900     1e4 (00007900)     _I2caRegs

0000bc00     2f0 (0000bc00)     _i
0000bc02     2f0 (0000bc00)     _sign
0000bc04     2f0 (0000bc00)     _har
0000bc05     2f0 (0000bc00)     _funda
0000bc06     2f0 (0000bc00)     _temp
0000bc0a     2f0 (0000bc00)     _proportion
0000bc0c     2f0 (0000bc00)     _level50hz
0000bc0e     2f0 (0000bc00)     _dproportion
0000bc10     2f0 (0000bc00)     _DMADest
0000bc12     2f0 (0000bc00)     _ExRamStart
0000bc14     2f0 (0000bc00)     _DMASource
0000bc16     2f0 (0000bc00)     _level
0000bc18     2f0 (0000bc00)     _angle2
0000bc1c     2f0 (0000bc00)     _angle1
0000bc20     2f0 (0000bc00)     _padd

0000bc40     2f1 (0000bc40)     _ip

0000bc80     2f2 (0000bc80)     _w

0000cc80     332 (0000cc80)     _output

0000dc80     372 (0000dc80)     _a

0000fd72     3f5 (0000fd40)     __unlock
0000fd74     3f5 (0000fd40)     __lock
0000fd76     3f5 (0000fd40)     ___TI_cleanup_ptr
0000fd78     3f5 (0000fd40)     ___TI_dtors_ptr

0000fd80     3f6 (0000fd80)     _CpuTimer1
0000fd88     3f6 (0000fd80)     _CpuTimer2
0000fd90     3f6 (0000fd80)     _CpuTimer0
0000fd98     3f6 (0000fd80)     _IpServiceType
0000fd99     3f6 (0000fd80)     _IpEdition
0000fd9a     3f6 (0000fd80)     _IpIdent
0000fd9b     3f6 (0000fd80)     _UDPUserDataLenth
0000fd9c     3f6 (0000fd80)     _bnry
0000fd9d     3f6 (0000fd80)     _TxBufFlag
0000fd9e     3f6 (0000fd80)     _identification
0000fd9f     3f6 (0000fd80)     _curr
0000fda0     3f6 (0000fd80)     _ARPAnswerSuccessFlag
0000fda1     3f6 (0000fd80)     _RxSuccessFlag
0000fda2     3f6 (0000fd80)     _RecdIpFrameLenth
0000fda3     3f6 (0000fd80)     _MyUdpPort
0000fda4     3f6 (0000fd80)     _TxFrameSize
0000fda5     3f6 (0000fd80)     _RecdFrameIP
0000fda7     3f6 (0000fd80)     _count
0000fda9     3f6 (0000fd80)     _RemoteMAC
0000fdac     3f6 (0000fd80)     _RecdFrameMAC
0000fdb0     3f6 (0000fd80)     _PieVectTableInit

0000feb8     3fa (0000fe80)     _MyMAC
0000febb     3fa (0000fe80)     _MyIP
0000febd     3fa (0000fe80)     _RemoteIP

0000fff0     3ff (0000ffc0)     _tab
0000fff1     3ff (0000ffc0)     _sampleCount
0000fff2     3ff (0000ffc0)     _ad

00180000    6000 (00180000)     _test

00180100    6004 (00180100)     _TxEthnetFrameBuffer

00180400    6010 (00180400)     _RxEthnetFrameBuffer

00180700    601c (00180700)     _sinput1

00181700    605c (00181700)     _input1

00182700    609c (00182700)     _input2

00183700    60dc (00183700)     _sinput2

00184700    611c (00184700)     _powerall

0033fff8    cfff (0033ffc0)     _CsmPwl


GLOBAL SYMBOLS: SORTED ALPHABETICALLY BY Name 

address    name
--------   ----
0000a238   .text
0000b44f   C$$EXIT
0000b139   FS$$DIV
0000b3d3   I$$DIV
0000b3e4   I$$MOD
0000aa59   _ADCINT_ISR
00380080   _ADC_cal
0000ae0f   _ADInit
0000fda0   _ARPAnswerSuccessFlag
00000b00   _AdcMirror
00007100   _AdcRegs
0000a915   _ArpAnswer
0000a8c6   _ArpRequest
0000a70d   _CalcCheckSum
0000b202   _ConfigCpuTimer
0000a8a5   _CopyFrameFromBE
0000fd90   _CpuTimer0
00000c00   _CpuTimer0Regs
0000fd80   _CpuTimer1
00000c08   _CpuTimer1Regs
0000fd88   _CpuTimer2
00000c10   _CpuTimer2Regs
0033fff8   _CsmPwl
00000ae0   _CsmRegs
0000b108   _CsmUnlock
0000a987   _DATALOG_ISR
0000ab7b   _DINTCH1_ISR
0000ab85   _DINTCH2_ISR
0000ab8f   _DINTCH3_ISR
0000ab99   _DINTCH4_ISR
0000aba3   _DINTCH5_ISR
0000abad   _DINTCH6_ISR
0000a242   _DMACH1AddrConfig
0000a254   _DMACH1BurstConfig
0000a287   _DMACH1ModeConfig
0000a264   _DMACH1TransferConfig
0000a274   _DMACH1WrapConfig
0000a2e9   _DMACH2AddrConfig
0000a2fb   _DMACH2BurstConfig
0000a32e   _DMACH2ModeConfig
0000a30b   _DMACH2TransferConfig
0000a31b   _DMACH2WrapConfig
0000a390   _DMACH3AddrConfig
0000a3a2   _DMACH3BurstConfig
0000a3d5   _DMACH3ModeConfig
0000a3b2   _DMACH3TransferConfig
0000a3c2   _DMACH3WrapConfig
0000a437   _DMACH4AddrConfig
0000a449   _DMACH4BurstConfig
0000a47c   _DMACH4ModeConfig
0000a459   _DMACH4TransferConfig
0000a469   _DMACH4WrapConfig
0000a4de   _DMACH5AddrConfig
0000a4f0   _DMACH5BurstConfig
0000a523   _DMACH5ModeConfig
0000a500   _DMACH5TransferConfig
0000a510   _DMACH5WrapConfig
0000a585   _DMACH6AddrConfig
0000a597   _DMACH6BurstConfig
0000a5ca   _DMACH6ModeConfig
0000a5a7   _DMACH6TransferConfig
0000a5b7   _DMACH6WrapConfig
0000bc10   _DMADest
0000a238   _DMAInitialize
0000bc14   _DMASource
0000a234   _DSP28x_usDelay
00000880   _DevEmuRegs
0000b055   _DisableDog
00001000   _DmaRegs
0000ac07   _ECAN0INTA_ISR
0000ac1b   _ECAN0INTB_ISR
0000ac11   _ECAN1INTA_ISR
0000ac25   _ECAN1INTB_ISR
0000aaef   _ECAP1_INT_ISR
0000aaf9   _ECAP2_INT_ISR
0000ab03   _ECAP3_INT_ISR
0000ab0d   _ECAP4_INT_ISR
0000ab17   _ECAP5_INT_ISR
0000ab21   _ECAP6_INT_ISR
00006040   _ECanaLAMRegs
000060c0   _ECanaMOTORegs
00006080   _ECanaMOTSRegs
00006100   _ECanaMboxes
00006000   _ECanaRegs
00006240   _ECanbLAMRegs
000062c0   _ECanbMOTORegs
00006280   _ECanbMOTSRegs
00006300   _ECanbMboxes
00006200   _ECanbRegs
00006a00   _ECap1Regs
00006a20   _ECap2Regs
00006a40   _ECap3Regs
00006a60   _ECap4Regs
00006a80   _ECap5Regs
00006aa0   _ECap6Regs
0000ac75   _EMPTY_ISR
0000a99b   _EMUINT_ISR
0000aab3   _EPWM1_INT_ISR
0000aa77   _EPWM1_TZINT_ISR
0000aabd   _EPWM2_INT_ISR
0000aa81   _EPWM2_TZINT_ISR
0000aac7   _EPWM3_INT_ISR
0000aa8b   _EPWM3_TZINT_ISR
0000aad1   _EPWM4_INT_ISR
0000aa95   _EPWM4_TZINT_ISR
0000aadb   _EPWM5_INT_ISR
0000aa9f   _EPWM5_TZINT_ISR
0000aae5   _EPWM6_INT_ISR
0000aaa9   _EPWM6_TZINT_ISR
00006800   _EPwm1Regs
00006840   _EPwm2Regs
00006880   _EPwm3Regs
000068c0   _EPwm4Regs
00006900   _EPwm5Regs
00006940   _EPwm6Regs
0000ab2b   _EQEP1_INT_ISR
0000ab35   _EQEP2_INT_ISR
00006b00   _EQep1Regs
00006b40   _EQep2Regs
0000b3ca   _EnableInterrupts
0000bc12   _ExRamStart
00000a80   _FlashRegs
00006f80   _GpioCtrlRegs
00006fc0   _GpioDataRegs
00006fe0   _GpioIntRegs
0000abb7   _I2CINT1A_ISR
0000abc1   _I2CINT2A_ISR
00007900   _I2caRegs
0000a9af   _ILLEGAL_ISR
0000a973   _INT13_ISR
0000a97d   _INT14_ISR
0000a194   _ISRTimer0
0000a63a   _Init8019
0000b1c1   _InitCpuTimers
0000a215   _InitFlash
0000b0ad   _InitPeripheralClocks
0000b3ab   _InitPieCtrl
0000b416   _InitPieVectTable
0000b05d   _InitPll
0000b042   _InitSysCtrl
0000af3b   _InitXintf
0000afe8   _InitXintf16Gpio
0000afa1   _InitXintf32Gpio
0000fd99   _IpEdition
0000fd9a   _IpIdent
0000fd98   _IpServiceType
0000ac6b   _LUF_ISR
0000ac61   _LVF_ISR
0000ab67   _MRINTA_ISR
0000ab53   _MRINTB_ISR
0000ab71   _MXINTA_ISR
0000ab5d   _MXINTB_ISR
00005000   _McbspaRegs
00005040   _McbspbRegs
0000adfa   _MemCopy
00009ea8   _ModelComplex
0000febb   _MyIP
0000feb8   _MyMAC
0000fda3   _MyUdpPort
0000a9a5   _NMI_ISR
0000ac82   _PIE_RESERVED
00000ce0   _PieCtrlRegs
00000d00   _PieVectTable
0000fdb0   _PieVectTableInit
0000a991   _RTOSINT_ISR
0000a762   _RecFrame
0000fda5   _RecdFrameIP
0000fdac   _RecdFrameMAC
0000fda2   _RecdIpFrameLenth
0000febd   _RemoteIP
0000fda9   _RemoteMAC
00180400   _RxEthnetFrameBuffer
0000fda1   _RxSuccessFlag
0000abdf   _SCIRXINTA_ISR
0000abf3   _SCIRXINTB_ISR
0000abcb   _SCIRXINTC_ISR
0000abe9   _SCITXINTA_ISR
0000abfd   _SCITXINTB_ISR
0000abd5   _SCITXINTC_ISR
0000aa31   _SEQ1INT_ISR
0000aa3b   _SEQ2INT_ISR
0000ab3f   _SPIRXINTA_ISR
0000ab49   _SPITXINTA_ISR
00007050   _SciaRegs
00007750   _ScibRegs
00007770   _ScicRegs
0000a08b   _SendFrame
0000b04b   _ServiceDog
00007040   _SpiaRegs
0000a2e1   _StartDMACH1
0000a388   _StartDMACH2
0000a42f   _StartDMACH3
0000a4d6   _StartDMACH4
0000a57d   _StartDMACH5
0000a624   _StartDMACH6
0000a88a   _SwapWord
00007010   _SysCtrlRegs
0000aa63   _TINT0_ISR
0000fd9d   _TxBufFlag
00180100   _TxEthnetFrameBuffer
0000fda4   _TxFrameSize
0000fd9b   _UDPUserDataLenth
0000a12e   _UDPinit
0000aa13   _USER10_ISR
0000aa1d   _USER11_ISR
0000aa27   _USER12_ISR
0000a9b9   _USER1_ISR
0000a9c3   _USER2_ISR
0000a9cd   _USER3_ISR
0000a9d7   _USER4_ISR
0000a9e1   _USER5_ISR
0000a9eb   _USER6_ISR
0000a9f5   _USER7_ISR
0000a9ff   _USER8_ISR
0000aa09   _USER9_ISR
0000aa6d   _WAKEINT_ISR
0000a893   _WriteDWord
0000aa45   _XINT1_ISR
0000aa4f   _XINT2_ISR
0000ac2f   _XINT3_ISR
0000ac39   _XINT4_ISR
0000ac43   _XINT5_ISR
0000ac4d   _XINT6_ISR
0000ac57   _XINT7_ISR
00007070   _XIntruptRegs
00000b20   _XintfRegs
000007e8   __STACK_END
000003e8   __STACK_SIZE
00000001   __TI_args_main
0000fd76   ___TI_cleanup_ptr
0000fd78   ___TI_dtors_ptr
ffffffff   ___binit__
ffffffff   ___c_args__
0000b479   ___cinit__
0000b479   ___etext__
0000b3f5   ___memcpy_ff
ffffffff   ___pinit__
0000a238   ___text__
0000b436   __args_main
0000fd74   __lock
0000b470   __nop
0000b46c   __register_lock
0000b468   __register_unlock
00000400   __stack
0000fd72   __unlock
0000dc80   _a
0000b44f   _abort
0000fff2   _ad
0000a95d   _addinit
00009f31   _ang
0000bc1c   _angle1
0000bc18   _angle2
0000b23d   _atan
0000805f   _bitrv2
0000fd9c   _bnry
0000b365   _c_int00
000085b0   _cft1st
000083a1   _cftfsub
00009090   _cftmdl
0000b2ac   _cos
0000fda7   _count
0000fd9f   _curr
0000bc0e   _dproportion
0000b451   _exit
0000bc05   _funda
0000bc04   _har
0000bc00   _i
0000fd9e   _identification
00181700   _input1
00182700   _input2
0000bc40   _ip
0000bc16   _level
0000bc0c   _level50hz
0000ae79   _main
0000a034   _maintask
0000ad8b   _makect
0000ac96   _makewt
0000cc80   _output
0000a006   _p
0000ae23   _p_add
0000bc20   _padd
0000a62c   _page
00184700   _powerall
0000bc0a   _proportion
00008000   _rdft
00009dce   _rftfsub
0000ac8c   _rsvd_ISR
0000fff1   _sampleCount
0000bc02   _sign
0000b30d   _sin
00180700   _sinput1
00183700   _sinput2
0000fff0   _tab
0000bc06   _temp
00180000   _test
0000bc80   _w
ffffffff   binit
0000b479   cinit
00000000   code_start
0000b479   etext
ffffffff   pinit


GLOBAL SYMBOLS: SORTED BY Symbol Address 

address    name
--------   ----
00000000   code_start
00000001   __TI_args_main
000003e8   __STACK_SIZE
00000400   __stack
000007e8   __STACK_END
00000880   _DevEmuRegs
00000a80   _FlashRegs
00000ae0   _CsmRegs
00000b00   _AdcMirror
00000b20   _XintfRegs
00000c00   _CpuTimer0Regs
00000c08   _CpuTimer1Regs
00000c10   _CpuTimer2Regs
00000ce0   _PieCtrlRegs
00000d00   _PieVectTable
00001000   _DmaRegs
00005000   _McbspaRegs
00005040   _McbspbRegs
00006000   _ECanaRegs
00006040   _ECanaLAMRegs
00006080   _ECanaMOTSRegs
000060c0   _ECanaMOTORegs
00006100   _ECanaMboxes
00006200   _ECanbRegs
00006240   _ECanbLAMRegs
00006280   _ECanbMOTSRegs
000062c0   _ECanbMOTORegs
00006300   _ECanbMboxes
00006800   _EPwm1Regs
00006840   _EPwm2Regs
00006880   _EPwm3Regs
000068c0   _EPwm4Regs
00006900   _EPwm5Regs
00006940   _EPwm6Regs
00006a00   _ECap1Regs
00006a20   _ECap2Regs
00006a40   _ECap3Regs
00006a60   _ECap4Regs
00006a80   _ECap5Regs
00006aa0   _ECap6Regs
00006b00   _EQep1Regs
00006b40   _EQep2Regs
00006f80   _GpioCtrlRegs
00006fc0   _GpioDataRegs
00006fe0   _GpioIntRegs
00007010   _SysCtrlRegs
00007040   _SpiaRegs
00007050   _SciaRegs
00007070   _XIntruptRegs
00007100   _AdcRegs
00007750   _ScibRegs
00007770   _ScicRegs
00007900   _I2caRegs
00008000   _rdft
0000805f   _bitrv2
000083a1   _cftfsub
000085b0   _cft1st
00009090   _cftmdl
00009dce   _rftfsub
00009ea8   _ModelComplex
00009f31   _ang
0000a006   _p
0000a034   _maintask
0000a08b   _SendFrame
0000a12e   _UDPinit
0000a194   _ISRTimer0
0000a215   _InitFlash
0000a234   _DSP28x_usDelay
0000a238   .text
0000a238   _DMAInitialize
0000a238   ___text__
0000a242   _DMACH1AddrConfig
0000a254   _DMACH1BurstConfig
0000a264   _DMACH1TransferConfig
0000a274   _DMACH1WrapConfig
0000a287   _DMACH1ModeConfig
0000a2e1   _StartDMACH1
0000a2e9   _DMACH2AddrConfig
0000a2fb   _DMACH2BurstConfig
0000a30b   _DMACH2TransferConfig
0000a31b   _DMACH2WrapConfig
0000a32e   _DMACH2ModeConfig
0000a388   _StartDMACH2
0000a390   _DMACH3AddrConfig
0000a3a2   _DMACH3BurstConfig
0000a3b2   _DMACH3TransferConfig
0000a3c2   _DMACH3WrapConfig
0000a3d5   _DMACH3ModeConfig
0000a42f   _StartDMACH3
0000a437   _DMACH4AddrConfig
0000a449   _DMACH4BurstConfig
0000a459   _DMACH4TransferConfig
0000a469   _DMACH4WrapConfig
0000a47c   _DMACH4ModeConfig
0000a4d6   _StartDMACH4
0000a4de   _DMACH5AddrConfig
0000a4f0   _DMACH5BurstConfig
0000a500   _DMACH5TransferConfig
0000a510   _DMACH5WrapConfig
0000a523   _DMACH5ModeConfig
0000a57d   _StartDMACH5
0000a585   _DMACH6AddrConfig
0000a597   _DMACH6BurstConfig
0000a5a7   _DMACH6TransferConfig
0000a5b7   _DMACH6WrapConfig
0000a5ca   _DMACH6ModeConfig
0000a624   _StartDMACH6
0000a62c   _page
0000a63a   _Init8019
0000a70d   _CalcCheckSum
0000a762   _RecFrame
0000a88a   _SwapWord
0000a893   _WriteDWord
0000a8a5   _CopyFrameFromBE
0000a8c6   _ArpRequest
0000a915   _ArpAnswer
0000a95d   _addinit
0000a973   _INT13_ISR
0000a97d   _INT14_ISR
0000a987   _DATALOG_ISR
0000a991   _RTOSINT_ISR
0000a99b   _EMUINT_ISR
0000a9a5   _NMI_ISR
0000a9af   _ILLEGAL_ISR
0000a9b9   _USER1_ISR
0000a9c3   _USER2_ISR
0000a9cd   _USER3_ISR
0000a9d7   _USER4_ISR
0000a9e1   _USER5_ISR
0000a9eb   _USER6_ISR
0000a9f5   _USER7_ISR
0000a9ff   _USER8_ISR
0000aa09   _USER9_ISR
0000aa13   _USER10_ISR
0000aa1d   _USER11_ISR
0000aa27   _USER12_ISR
0000aa31   _SEQ1INT_ISR
0000aa3b   _SEQ2INT_ISR
0000aa45   _XINT1_ISR
0000aa4f   _XINT2_ISR
0000aa59   _ADCINT_ISR
0000aa63   _TINT0_ISR
0000aa6d   _WAKEINT_ISR
0000aa77   _EPWM1_TZINT_ISR
0000aa81   _EPWM2_TZINT_ISR
0000aa8b   _EPWM3_TZINT_ISR
0000aa95   _EPWM4_TZINT_ISR
0000aa9f   _EPWM5_TZINT_ISR
0000aaa9   _EPWM6_TZINT_ISR
0000aab3   _EPWM1_INT_ISR
0000aabd   _EPWM2_INT_ISR
0000aac7   _EPWM3_INT_ISR
0000aad1   _EPWM4_INT_ISR
0000aadb   _EPWM5_INT_ISR
0000aae5   _EPWM6_INT_ISR
0000aaef   _ECAP1_INT_ISR
0000aaf9   _ECAP2_INT_ISR
0000ab03   _ECAP3_INT_ISR
0000ab0d   _ECAP4_INT_ISR
0000ab17   _ECAP5_INT_ISR
0000ab21   _ECAP6_INT_ISR
0000ab2b   _EQEP1_INT_ISR
0000ab35   _EQEP2_INT_ISR
0000ab3f   _SPIRXINTA_ISR
0000ab49   _SPITXINTA_ISR
0000ab53   _MRINTB_ISR
0000ab5d   _MXINTB_ISR
0000ab67   _MRINTA_ISR
0000ab71   _MXINTA_ISR
0000ab7b   _DINTCH1_ISR
0000ab85   _DINTCH2_ISR
0000ab8f   _DINTCH3_ISR
0000ab99   _DINTCH4_ISR
0000aba3   _DINTCH5_ISR
0000abad   _DINTCH6_ISR
0000abb7   _I2CINT1A_ISR
0000abc1   _I2CINT2A_ISR
0000abcb   _SCIRXINTC_ISR
0000abd5   _SCITXINTC_ISR
0000abdf   _SCIRXINTA_ISR
0000abe9   _SCITXINTA_ISR
0000abf3   _SCIRXINTB_ISR
0000abfd   _SCITXINTB_ISR
0000ac07   _ECAN0INTA_ISR
0000ac11   _ECAN1INTA_ISR
0000ac1b   _ECAN0INTB_ISR
0000ac25   _ECAN1INTB_ISR
0000ac2f   _XINT3_ISR
0000ac39   _XINT4_ISR
0000ac43   _XINT5_ISR
0000ac4d   _XINT6_ISR
0000ac57   _XINT7_ISR
0000ac61   _LVF_ISR
0000ac6b   _LUF_ISR
0000ac75   _EMPTY_ISR
0000ac82   _PIE_RESERVED
0000ac8c   _rsvd_ISR
0000ac96   _makewt
0000ad8b   _makect
0000adfa   _MemCopy
0000ae0f   _ADInit
0000ae23   _p_add
0000ae79   _main
0000af3b   _InitXintf
0000afa1   _InitXintf32Gpio
0000afe8   _InitXintf16Gpio
0000b042   _InitSysCtrl
0000b04b   _ServiceDog
0000b055   _DisableDog
0000b05d   _InitPll
0000b0ad   _InitPeripheralClocks
0000b108   _CsmUnlock
0000b139   FS$$DIV
0000b1c1   _InitCpuTimers
0000b202   _ConfigCpuTimer
0000b23d   _atan
0000b2ac   _cos
0000b30d   _sin
0000b365   _c_int00
0000b3ab   _InitPieCtrl
0000b3ca   _EnableInterrupts
0000b3d3   I$$DIV
0000b3e4   I$$MOD
0000b3f5   ___memcpy_ff
0000b416   _InitPieVectTable
0000b436   __args_main
0000b44f   C$$EXIT
0000b44f   _abort
0000b451   _exit
0000b468   __register_unlock
0000b46c   __register_lock
0000b470   __nop
0000b479   ___cinit__
0000b479   ___etext__
0000b479   cinit
0000b479   etext
0000bc00   _i
0000bc02   _sign
0000bc04   _har
0000bc05   _funda
0000bc06   _temp
0000bc0a   _proportion
0000bc0c   _level50hz
0000bc0e   _dproportion
0000bc10   _DMADest
0000bc12   _ExRamStart
0000bc14   _DMASource
0000bc16   _level
0000bc18   _angle2
0000bc1c   _angle1
0000bc20   _padd
0000bc40   _ip
0000bc80   _w
0000cc80   _output
0000dc80   _a
0000fd72   __unlock
0000fd74   __lock
0000fd76   ___TI_cleanup_ptr
0000fd78   ___TI_dtors_ptr
0000fd80   _CpuTimer1
0000fd88   _CpuTimer2
0000fd90   _CpuTimer0
0000fd98   _IpServiceType
0000fd99   _IpEdition
0000fd9a   _IpIdent
0000fd9b   _UDPUserDataLenth
0000fd9c   _bnry
0000fd9d   _TxBufFlag
0000fd9e   _identification
0000fd9f   _curr
0000fda0   _ARPAnswerSuccessFlag
0000fda1   _RxSuccessFlag
0000fda2   _RecdIpFrameLenth
0000fda3   _MyUdpPort
0000fda4   _TxFrameSize
0000fda5   _RecdFrameIP
0000fda7   _count
0000fda9   _RemoteMAC
0000fdac   _RecdFrameMAC
0000fdb0   _PieVectTableInit
0000feb8   _MyMAC
0000febb   _MyIP
0000febd   _RemoteIP
0000fff0   _tab
0000fff1   _sampleCount
0000fff2   _ad
00180000   _test
00180100   _TxEthnetFrameBuffer
00180400   _RxEthnetFrameBuffer
00180700   _sinput1
00181700   _input1
00182700   _input2
00183700   _sinput2
00184700   _powerall
0033fff8   _CsmPwl
00380080   _ADC_cal
ffffffff   ___binit__
ffffffff   ___c_args__
ffffffff   ___pinit__
ffffffff   binit
ffffffff   pinit

[301 symbols]
