<?xml version="1.0"?>
<link_info>
   <banner>TMS320C2000 Linker PC v6.2.5</banner>
   <copyright>Copyright (c) 1996-2014 Texas Instruments Incorporated</copyright>
   <link_time>0x60b0bd54</link_time>
   <link_errors>0x0</link_errors>
   <output_file>28335_AD7656.out</output_file>
   <entry_point>
      <name>code_start</name>
      <address>0x0</address>
   </entry_point>
   <input_file_list>
      <input_file id="fl-3">
         <path>.\</path>
         <kind>object</kind>
         <file>project.obj</file>
         <name>project.obj</name>
      </input_file>
      <input_file id="fl-4">
         <path>.\</path>
         <kind>object</kind>
         <file>FFT.obj</file>
         <name>FFT.obj</name>
      </input_file>
      <input_file id="fl-5">
         <path>.\</path>
         <kind>object</kind>
         <file>DSP2833x_usDelay.obj</file>
         <name>DSP2833x_usDelay.obj</name>
      </input_file>
      <input_file id="fl-6">
         <path>.\</path>
         <kind>object</kind>
         <file>DSP2833x_Xintf.obj</file>
         <name>DSP2833x_Xintf.obj</name>
      </input_file>
      <input_file id="fl-7">
         <path>.\</path>
         <kind>object</kind>
         <file>DSP2833x_SysCtrl.obj</file>
         <name>DSP2833x_SysCtrl.obj</name>
      </input_file>
      <input_file id="fl-8">
         <path>.\</path>
         <kind>object</kind>
         <file>DSP2833x_PieVect.obj</file>
         <name>DSP2833x_PieVect.obj</name>
      </input_file>
      <input_file id="fl-9">
         <path>.\</path>
         <kind>object</kind>
         <file>DSP2833x_PieCtrl.obj</file>
         <name>DSP2833x_PieCtrl.obj</name>
      </input_file>
      <input_file id="fl-a">
         <path>.\</path>
         <kind>object</kind>
         <file>DSP2833x_GlobalVariableDefs.obj</file>
         <name>DSP2833x_GlobalVariableDefs.obj</name>
      </input_file>
      <input_file id="fl-b">
         <path>.\</path>
         <kind>object</kind>
         <file>DSP2833x_DefaultIsr.obj</file>
         <name>DSP2833x_DefaultIsr.obj</name>
      </input_file>
      <input_file id="fl-c">
         <path>.\</path>
         <kind>object</kind>
         <file>DSP2833x_DMA.obj</file>
         <name>DSP2833x_DMA.obj</name>
      </input_file>
      <input_file id="fl-d">
         <path>.\</path>
         <kind>object</kind>
         <file>DSP2833x_CpuTimers.obj</file>
         <name>DSP2833x_CpuTimers.obj</name>
      </input_file>
      <input_file id="fl-e">
         <path>.\</path>
         <kind>object</kind>
         <file>DSP2833x_CodeStartBranch.obj</file>
         <name>DSP2833x_CodeStartBranch.obj</name>
      </input_file>
      <input_file id="fl-f">
         <path>.\</path>
         <kind>object</kind>
         <file>DSP2833x_ADC_cal.obj</file>
         <name>DSP2833x_ADC_cal.obj</name>
      </input_file>
      <input_file id="fl-13">
         <path>c:\ti\ccsv6\tools\compiler\c2000_6.2.5\lib\</path>
         <kind>archive</kind>
         <file>rts2800_fpu32.lib</file>
         <name>boot.obj</name>
      </input_file>
      <input_file id="fl-14">
         <path>c:\ti\ccsv6\tools\compiler\c2000_6.2.5\lib\</path>
         <kind>archive</kind>
         <file>rts2800_fpu32.lib</file>
         <name>cos.obj</name>
      </input_file>
      <input_file id="fl-15">
         <path>c:\ti\ccsv6\tools\compiler\c2000_6.2.5\lib\</path>
         <kind>archive</kind>
         <file>rts2800_fpu32.lib</file>
         <name>exit.obj</name>
      </input_file>
      <input_file id="fl-16">
         <path>c:\ti\ccsv6\tools\compiler\c2000_6.2.5\lib\</path>
         <kind>archive</kind>
         <file>rts2800_fpu32.lib</file>
         <name>fs_div.obj</name>
      </input_file>
      <input_file id="fl-17">
         <path>c:\ti\ccsv6\tools\compiler\c2000_6.2.5\lib\</path>
         <kind>archive</kind>
         <file>rts2800_fpu32.lib</file>
         <name>memcpy_ff.obj</name>
      </input_file>
      <input_file id="fl-18">
         <path>c:\ti\ccsv6\tools\compiler\c2000_6.2.5\lib\</path>
         <kind>archive</kind>
         <file>rts2800_fpu32.lib</file>
         <name>pow.obj</name>
      </input_file>
      <input_file id="fl-19">
         <path>c:\ti\ccsv6\tools\compiler\c2000_6.2.5\lib\</path>
         <kind>archive</kind>
         <file>rts2800_fpu32.lib</file>
         <name>sin.obj</name>
      </input_file>
      <input_file id="fl-1a">
         <path>c:\ti\ccsv6\tools\compiler\c2000_6.2.5\lib\</path>
         <kind>archive</kind>
         <file>rts2800_fpu32.lib</file>
         <name>sqrt.obj</name>
      </input_file>
      <input_file id="fl-1b">
         <path>c:\ti\ccsv6\tools\compiler\c2000_6.2.5\lib\</path>
         <kind>archive</kind>
         <file>rts2800_fpu32.lib</file>
         <name>_lock.obj</name>
      </input_file>
      <input_file id="fl-1c">
         <path>c:\ti\ccsv6\tools\compiler\c2000_6.2.5\lib\</path>
         <kind>archive</kind>
         <file>rts2800_fpu32.lib</file>
         <name>_log.obj</name>
      </input_file>
      <input_file id="fl-1d">
         <path>c:\ti\ccsv6\tools\compiler\c2000_6.2.5\lib\</path>
         <kind>archive</kind>
         <file>rts2800_fpu32.lib</file>
         <name>args_main.obj</name>
      </input_file>
      <input_file id="fl-1e">
         <path>c:\ti\ccsv6\tools\compiler\c2000_6.2.5\lib\</path>
         <kind>archive</kind>
         <file>rts2800_fpu32.lib</file>
         <name>errno.obj</name>
      </input_file>
      <input_file id="fl-1f">
         <path>c:\ti\ccsv6\tools\compiler\c2000_6.2.5\lib\</path>
         <kind>archive</kind>
         <file>rts2800_fpu32.lib</file>
         <name>exp.obj</name>
      </input_file>
      <input_file id="fl-20">
         <path>c:\ti\ccsv6\tools\compiler\c2000_6.2.5\lib\</path>
         <kind>archive</kind>
         <file>rts2800_fpu32.lib</file>
         <name>frexp.obj</name>
      </input_file>
      <input_file id="fl-21">
         <path>c:\ti\ccsv6\tools\compiler\c2000_6.2.5\lib\</path>
         <kind>archive</kind>
         <file>rts2800_fpu32.lib</file>
         <name>i_div.obj</name>
      </input_file>
      <input_file id="fl-22">
         <path>c:\ti\ccsv6\tools\compiler\c2000_6.2.5\lib\</path>
         <kind>archive</kind>
         <file>rts2800_fpu32.lib</file>
         <name>ldexp.obj</name>
      </input_file>
   </input_file_list>
   <object_component_list>
      <object_component id="oc-9b">
         <name>PieVectTableFile</name>
         <uninitialized>true</uninitialized>
         <run_address>0xd00</run_address>
         <size>0x100</size>
         <input_file_ref idref="fl-a"/>
      </object_component>
      <object_component id="oc-97">
         <name>DevEmuRegsFile</name>
         <uninitialized>true</uninitialized>
         <run_address>0x880</run_address>
         <size>0xd0</size>
         <input_file_ref idref="fl-a"/>
      </object_component>
      <object_component id="oc-6d">
         <name>FlashRegsFile</name>
         <uninitialized>true</uninitialized>
         <run_address>0xa80</run_address>
         <size>0x8</size>
         <input_file_ref idref="fl-a"/>
      </object_component>
      <object_component id="oc-77">
         <name>CsmRegsFile</name>
         <uninitialized>true</uninitialized>
         <run_address>0xae0</run_address>
         <size>0x10</size>
         <input_file_ref idref="fl-a"/>
      </object_component>
      <object_component id="oc-76">
         <name>AdcMirrorFile</name>
         <uninitialized>true</uninitialized>
         <run_address>0xb00</run_address>
         <size>0x10</size>
         <input_file_ref idref="fl-a"/>
      </object_component>
      <object_component id="oc-7a">
         <name>XintfRegsFile</name>
         <uninitialized>true</uninitialized>
         <run_address>0xb20</run_address>
         <size>0x1e</size>
         <input_file_ref idref="fl-a"/>
      </object_component>
      <object_component id="oc-6e">
         <name>CpuTimer0RegsFile</name>
         <uninitialized>true</uninitialized>
         <run_address>0xc00</run_address>
         <size>0x8</size>
         <input_file_ref idref="fl-a"/>
      </object_component>
      <object_component id="oc-6c">
         <name>CpuTimer1RegsFile</name>
         <uninitialized>true</uninitialized>
         <run_address>0xc08</run_address>
         <size>0x8</size>
         <input_file_ref idref="fl-a"/>
      </object_component>
      <object_component id="oc-6b">
         <name>CpuTimer2RegsFile</name>
         <uninitialized>true</uninitialized>
         <run_address>0xc10</run_address>
         <size>0x8</size>
         <input_file_ref idref="fl-a"/>
      </object_component>
      <object_component id="oc-78">
         <name>PieCtrlRegsFile</name>
         <uninitialized>true</uninitialized>
         <run_address>0xce0</run_address>
         <size>0x1a</size>
         <input_file_ref idref="fl-a"/>
      </object_component>
      <object_component id="oc-98">
         <name>DmaRegsFile</name>
         <uninitialized>true</uninitialized>
         <run_address>0x1000</run_address>
         <size>0xe0</size>
         <input_file_ref idref="fl-a"/>
      </object_component>
      <object_component id="oc-8a">
         <name>McbspaRegsFile</name>
         <uninitialized>true</uninitialized>
         <run_address>0x5000</run_address>
         <size>0x25</size>
         <input_file_ref idref="fl-a"/>
      </object_component>
      <object_component id="oc-8b">
         <name>McbspbRegsFile</name>
         <uninitialized>true</uninitialized>
         <run_address>0x5040</run_address>
         <size>0x25</size>
         <input_file_ref idref="fl-a"/>
      </object_component>
      <object_component id="oc-8e">
         <name>ECanaRegsFile</name>
         <uninitialized>true</uninitialized>
         <run_address>0x6000</run_address>
         <size>0x34</size>
         <input_file_ref idref="fl-a"/>
      </object_component>
      <object_component id="oc-91">
         <name>ECanaLAMRegsFile</name>
         <uninitialized>true</uninitialized>
         <run_address>0x6040</run_address>
         <size>0x40</size>
         <input_file_ref idref="fl-a"/>
      </object_component>
      <object_component id="oc-9a">
         <name>ECanaMboxesFile</name>
         <uninitialized>true</uninitialized>
         <run_address>0x6100</run_address>
         <size>0x100</size>
         <input_file_ref idref="fl-a"/>
      </object_component>
      <object_component id="oc-92">
         <name>ECanaMOTSRegsFile</name>
         <uninitialized>true</uninitialized>
         <run_address>0x6080</run_address>
         <size>0x40</size>
         <input_file_ref idref="fl-a"/>
      </object_component>
      <object_component id="oc-8f">
         <name>ECanaMOTORegsFile</name>
         <uninitialized>true</uninitialized>
         <run_address>0x60c0</run_address>
         <size>0x40</size>
         <input_file_ref idref="fl-a"/>
      </object_component>
      <object_component id="oc-8d">
         <name>ECanbRegsFile</name>
         <uninitialized>true</uninitialized>
         <run_address>0x6200</run_address>
         <size>0x34</size>
         <input_file_ref idref="fl-a"/>
      </object_component>
      <object_component id="oc-95">
         <name>ECanbLAMRegsFile</name>
         <uninitialized>true</uninitialized>
         <run_address>0x6240</run_address>
         <size>0x40</size>
         <input_file_ref idref="fl-a"/>
      </object_component>
      <object_component id="oc-99">
         <name>ECanbMboxesFile</name>
         <uninitialized>true</uninitialized>
         <run_address>0x6300</run_address>
         <size>0x100</size>
         <input_file_ref idref="fl-a"/>
      </object_component>
      <object_component id="oc-90">
         <name>ECanbMOTSRegsFile</name>
         <uninitialized>true</uninitialized>
         <run_address>0x6280</run_address>
         <size>0x40</size>
         <input_file_ref idref="fl-a"/>
      </object_component>
      <object_component id="oc-93">
         <name>ECanbMOTORegsFile</name>
         <uninitialized>true</uninitialized>
         <run_address>0x62c0</run_address>
         <size>0x40</size>
         <input_file_ref idref="fl-a"/>
      </object_component>
      <object_component id="oc-85">
         <name>EPwm1RegsFile</name>
         <uninitialized>true</uninitialized>
         <run_address>0x6800</run_address>
         <size>0x22</size>
         <input_file_ref idref="fl-a"/>
      </object_component>
      <object_component id="oc-84">
         <name>EPwm2RegsFile</name>
         <uninitialized>true</uninitialized>
         <run_address>0x6840</run_address>
         <size>0x22</size>
         <input_file_ref idref="fl-a"/>
      </object_component>
      <object_component id="oc-86">
         <name>EPwm3RegsFile</name>
         <uninitialized>true</uninitialized>
         <run_address>0x6880</run_address>
         <size>0x22</size>
         <input_file_ref idref="fl-a"/>
      </object_component>
      <object_component id="oc-88">
         <name>EPwm4RegsFile</name>
         <uninitialized>true</uninitialized>
         <run_address>0x68c0</run_address>
         <size>0x22</size>
         <input_file_ref idref="fl-a"/>
      </object_component>
      <object_component id="oc-87">
         <name>EPwm5RegsFile</name>
         <uninitialized>true</uninitialized>
         <run_address>0x6900</run_address>
         <size>0x22</size>
         <input_file_ref idref="fl-a"/>
      </object_component>
      <object_component id="oc-89">
         <name>EPwm6RegsFile</name>
         <uninitialized>true</uninitialized>
         <run_address>0x6940</run_address>
         <size>0x22</size>
         <input_file_ref idref="fl-a"/>
      </object_component>
      <object_component id="oc-81">
         <name>ECap1RegsFile</name>
         <uninitialized>true</uninitialized>
         <run_address>0x6a00</run_address>
         <size>0x20</size>
         <input_file_ref idref="fl-a"/>
      </object_component>
      <object_component id="oc-7d">
         <name>ECap2RegsFile</name>
         <uninitialized>true</uninitialized>
         <run_address>0x6a20</run_address>
         <size>0x20</size>
         <input_file_ref idref="fl-a"/>
      </object_component>
      <object_component id="oc-7e">
         <name>ECap3RegsFile</name>
         <uninitialized>true</uninitialized>
         <run_address>0x6a40</run_address>
         <size>0x20</size>
         <input_file_ref idref="fl-a"/>
      </object_component>
      <object_component id="oc-7b">
         <name>ECap4RegsFile</name>
         <uninitialized>true</uninitialized>
         <run_address>0x6a60</run_address>
         <size>0x20</size>
         <input_file_ref idref="fl-a"/>
      </object_component>
      <object_component id="oc-7c">
         <name>ECap5RegsFile</name>
         <uninitialized>true</uninitialized>
         <run_address>0x6a80</run_address>
         <size>0x20</size>
         <input_file_ref idref="fl-a"/>
      </object_component>
      <object_component id="oc-82">
         <name>ECap6RegsFile</name>
         <uninitialized>true</uninitialized>
         <run_address>0x6aa0</run_address>
         <size>0x20</size>
         <input_file_ref idref="fl-a"/>
      </object_component>
      <object_component id="oc-96">
         <name>EQep1RegsFile</name>
         <uninitialized>true</uninitialized>
         <run_address>0x6b00</run_address>
         <size>0x40</size>
         <input_file_ref idref="fl-a"/>
      </object_component>
      <object_component id="oc-94">
         <name>EQep2RegsFile</name>
         <uninitialized>true</uninitialized>
         <run_address>0x6b40</run_address>
         <size>0x40</size>
         <input_file_ref idref="fl-a"/>
      </object_component>
      <object_component id="oc-8c">
         <name>GpioCtrlRegsFile</name>
         <uninitialized>true</uninitialized>
         <run_address>0x6f80</run_address>
         <size>0x2e</size>
         <input_file_ref idref="fl-a"/>
      </object_component>
      <object_component id="oc-7f">
         <name>GpioDataRegsFile</name>
         <uninitialized>true</uninitialized>
         <run_address>0x6fc0</run_address>
         <size>0x20</size>
         <input_file_ref idref="fl-a"/>
      </object_component>
      <object_component id="oc-70">
         <name>GpioIntRegsFile</name>
         <uninitialized>true</uninitialized>
         <run_address>0x6fe0</run_address>
         <size>0xa</size>
         <input_file_ref idref="fl-a"/>
      </object_component>
      <object_component id="oc-80">
         <name>SysCtrlRegsFile</name>
         <uninitialized>true</uninitialized>
         <run_address>0x7010</run_address>
         <size>0x20</size>
         <input_file_ref idref="fl-a"/>
      </object_component>
      <object_component id="oc-73">
         <name>SpiaRegsFile</name>
         <uninitialized>true</uninitialized>
         <run_address>0x7040</run_address>
         <size>0x10</size>
         <input_file_ref idref="fl-a"/>
      </object_component>
      <object_component id="oc-74">
         <name>SciaRegsFile</name>
         <uninitialized>true</uninitialized>
         <run_address>0x7050</run_address>
         <size>0x10</size>
         <input_file_ref idref="fl-a"/>
      </object_component>
      <object_component id="oc-75">
         <name>XIntruptRegsFile</name>
         <uninitialized>true</uninitialized>
         <run_address>0x7070</run_address>
         <size>0x10</size>
         <input_file_ref idref="fl-a"/>
      </object_component>
      <object_component id="oc-79">
         <name>AdcRegsFile</name>
         <uninitialized>true</uninitialized>
         <run_address>0x7100</run_address>
         <size>0x1e</size>
         <input_file_ref idref="fl-a"/>
      </object_component>
      <object_component id="oc-72">
         <name>ScibRegsFile</name>
         <uninitialized>true</uninitialized>
         <run_address>0x7750</run_address>
         <size>0x10</size>
         <input_file_ref idref="fl-a"/>
      </object_component>
      <object_component id="oc-71">
         <name>ScicRegsFile</name>
         <uninitialized>true</uninitialized>
         <run_address>0x7770</run_address>
         <size>0x10</size>
         <input_file_ref idref="fl-a"/>
      </object_component>
      <object_component id="oc-83">
         <name>I2caRegsFile</name>
         <uninitialized>true</uninitialized>
         <run_address>0x7900</run_address>
         <size>0x22</size>
         <input_file_ref idref="fl-a"/>
      </object_component>
      <object_component id="oc-6f">
         <name>CsmPwlFile</name>
         <uninitialized>true</uninitialized>
         <run_address>0x33fff8</run_address>
         <size>0x8</size>
         <input_file_ref idref="fl-a"/>
      </object_component>
      <object_component id="oc-47">
         <name>codestart</name>
         <load_address>0x0</load_address>
         <run_address>0x0</run_address>
         <size>0x2</size>
         <input_file_ref idref="fl-e"/>
      </object_component>
      <object_component id="oc-55">
         <name>ramfuncs</name>
         <load_address>0x8d3e</load_address>
         <run_address>0x8d3e</run_address>
         <size>0x4</size>
         <input_file_ref idref="fl-5"/>
      </object_component>
      <object_component id="oc-9e">
         <name>.text:retain</name>
         <load_address>0x8000</load_address>
         <run_address>0x8000</run_address>
         <size>0x372</size>
         <input_file_ref idref="fl-b"/>
      </object_component>
      <object_component id="oc-fa">
         <name>.text</name>
         <load_address>0x8372</load_address>
         <run_address>0x8372</run_address>
         <size>0x221</size>
         <input_file_ref idref="fl-4"/>
      </object_component>
      <object_component id="oc-105">
         <name>.text</name>
         <load_address>0x8593</load_address>
         <run_address>0x8593</run_address>
         <size>0xf8</size>
         <input_file_ref idref="fl-7"/>
      </object_component>
      <object_component id="oc-106">
         <name>.text</name>
         <load_address>0x868b</load_address>
         <run_address>0x868b</run_address>
         <size>0xf6</size>
         <input_file_ref idref="fl-6"/>
      </object_component>
      <object_component id="oc-4b">
         <name>.text:retain</name>
         <load_address>0x8781</load_address>
         <run_address>0x8781</run_address>
         <size>0xb9</size>
         <input_file_ref idref="fl-3"/>
      </object_component>
      <object_component id="oc-c3">
         <name>.text</name>
         <load_address>0x883a</load_address>
         <run_address>0x883a</run_address>
         <size>0x88</size>
         <input_file_ref idref="fl-16"/>
      </object_component>
      <object_component id="oc-102">
         <name>.text</name>
         <load_address>0x88c2</load_address>
         <run_address>0x88c2</run_address>
         <size>0x83</size>
         <input_file_ref idref="fl-3"/>
      </object_component>
      <object_component id="oc-109">
         <name>.text</name>
         <load_address>0x8945</load_address>
         <run_address>0x8945</run_address>
         <size>0x7c</size>
         <input_file_ref idref="fl-d"/>
      </object_component>
      <object_component id="oc-104">
         <name>.text</name>
         <load_address>0x89c1</load_address>
         <run_address>0x89c1</run_address>
         <size>0x68</size>
         <input_file_ref idref="fl-1f"/>
      </object_component>
      <object_component id="oc-ff">
         <name>.text</name>
         <load_address>0x8a29</load_address>
         <run_address>0x8a29</run_address>
         <size>0x61</size>
         <input_file_ref idref="fl-14"/>
      </object_component>
      <object_component id="oc-fe">
         <name>.text</name>
         <load_address>0x8a8a</load_address>
         <run_address>0x8a8a</run_address>
         <size>0x5a</size>
         <input_file_ref idref="fl-18"/>
      </object_component>
      <object_component id="oc-100">
         <name>.text</name>
         <load_address>0x8ae4</load_address>
         <run_address>0x8ae4</run_address>
         <size>0x58</size>
         <input_file_ref idref="fl-19"/>
      </object_component>
      <object_component id="oc-103">
         <name>.text</name>
         <load_address>0x8b3c</load_address>
         <run_address>0x8b3c</run_address>
         <size>0x50</size>
         <input_file_ref idref="fl-1c"/>
      </object_component>
      <object_component id="oc-b3">
         <name>.text</name>
         <load_address>0x8b8c</load_address>
         <run_address>0x8b8c</run_address>
         <size>0x46</size>
         <input_file_ref idref="fl-13"/>
      </object_component>
      <object_component id="oc-10b">
         <name>.text</name>
         <load_address>0x8bd2</load_address>
         <run_address>0x8bd2</run_address>
         <size>0x31</size>
         <input_file_ref idref="fl-22"/>
      </object_component>
      <object_component id="oc-107">
         <name>.text</name>
         <load_address>0x8c03</load_address>
         <run_address>0x8c03</run_address>
         <size>0x28</size>
         <input_file_ref idref="fl-9"/>
      </object_component>
      <object_component id="oc-101">
         <name>.text</name>
         <load_address>0x8c2c</load_address>
         <run_address>0x8c2c</run_address>
         <size>0x23</size>
         <input_file_ref idref="fl-1a"/>
      </object_component>
      <object_component id="oc-108">
         <name>.text</name>
         <load_address>0x8c4f</load_address>
         <run_address>0x8c4f</run_address>
         <size>0x22</size>
         <input_file_ref idref="fl-8"/>
      </object_component>
      <object_component id="oc-f1">
         <name>.text</name>
         <load_address>0x8c71</load_address>
         <run_address>0x8c71</run_address>
         <size>0x22</size>
         <input_file_ref idref="fl-21"/>
      </object_component>
      <object_component id="oc-f9">
         <name>.text</name>
         <load_address>0x8c93</load_address>
         <run_address>0x8c93</run_address>
         <size>0x21</size>
         <input_file_ref idref="fl-17"/>
      </object_component>
      <object_component id="oc-fb">
         <name>.text</name>
         <load_address>0x8cb4</load_address>
         <run_address>0x8cb4</run_address>
         <size>0x19</size>
         <input_file_ref idref="fl-1d"/>
      </object_component>
      <object_component id="oc-fc">
         <name>.text</name>
         <load_address>0x8ccd</load_address>
         <run_address>0x8ccd</run_address>
         <size>0x19</size>
         <input_file_ref idref="fl-15"/>
      </object_component>
      <object_component id="oc-10a">
         <name>.text</name>
         <load_address>0x8ce6</load_address>
         <run_address>0x8ce6</run_address>
         <size>0x16</size>
         <input_file_ref idref="fl-20"/>
      </object_component>
      <object_component id="oc-fd">
         <name>.text</name>
         <load_address>0x8cfc</load_address>
         <run_address>0x8cfc</run_address>
         <size>0x9</size>
         <input_file_ref idref="fl-1b"/>
      </object_component>
      <object_component id="oc-ab">
         <name>.text</name>
         <load_address>0x8d05</load_address>
         <run_address>0x8d05</run_address>
         <size>0x8</size>
         <input_file_ref idref="fl-e"/>
      </object_component>
      <object_component id="oc-49">
         <name>.cinit</name>
         <load_address>0x8d0d</load_address>
         <run_address>0x8d0d</run_address>
         <size>0xe</size>
         <input_file_ref idref="fl-3"/>
      </object_component>
      <object_component id="oc-d8">
         <name>.cinit</name>
         <load_address>0x8d1b</load_address>
         <run_address>0x8d1b</run_address>
         <size>0xa</size>
         <input_file_ref idref="fl-1b"/>
      </object_component>
      <object_component id="oc-be">
         <name>.cinit</name>
         <load_address>0x8d25</load_address>
         <run_address>0x8d25</run_address>
         <size>0xa</size>
         <input_file_ref idref="fl-15"/>
      </object_component>
      <object_component id="oc-50">
         <name>.cinit</name>
         <load_address>0x8d2f</load_address>
         <run_address>0x8d2f</run_address>
         <size>0x9</size>
         <input_file_ref idref="fl-4"/>
      </object_component>
      <object_component id="oc-e6">
         <name>.cinit</name>
         <load_address>0x8d38</load_address>
         <run_address>0x8d38</run_address>
         <size>0x4</size>
         <input_file_ref idref="fl-1e"/>
      </object_component>
      <object_component id="oc-b4">
         <name>.stack</name>
         <uninitialized>true</uninitialized>
         <run_address>0x400</run_address>
         <size>0x0</size>
         <input_file_ref idref="fl-13"/>
      </object_component>
      <object_component id="oc-15a">
         <name>.stack</name>
         <uninitialized>true</uninitialized>
         <run_address>0x400</run_address>
         <size>0x0</size>
      </object_component>
      <object_component id="oc-4a">
         <name>.ebss</name>
         <uninitialized>true</uninitialized>
         <run_address>0xd940</run_address>
         <size>0x840</size>
         <input_file_ref idref="fl-3"/>
      </object_component>
      <object_component id="oc-51">
         <name>.ebss</name>
         <uninitialized>true</uninitialized>
         <run_address>0xc100</run_address>
         <size>0x1840</size>
         <input_file_ref idref="fl-4"/>
      </object_component>
      <object_component id="oc-a7">
         <name>.ebss</name>
         <uninitialized>true</uninitialized>
         <run_address>0xe180</run_address>
         <size>0x18</size>
         <input_file_ref idref="fl-d"/>
      </object_component>
      <object_component id="oc-bf">
         <name>.ebss</name>
         <uninitialized>true</uninitialized>
         <run_address>0xe19c</run_address>
         <size>0x4</size>
         <input_file_ref idref="fl-15"/>
      </object_component>
      <object_component id="oc-d9">
         <name>.ebss</name>
         <uninitialized>true</uninitialized>
         <run_address>0xe198</run_address>
         <size>0x4</size>
         <input_file_ref idref="fl-1b"/>
      </object_component>
      <object_component id="oc-e7">
         <name>.ebss</name>
         <uninitialized>true</uninitialized>
         <run_address>0xe1a0</run_address>
         <size>0x1</size>
         <input_file_ref idref="fl-1e"/>
      </object_component>
      <object_component id="oc-62">
         <name>.econst</name>
         <load_address>0xc000</load_address>
         <run_address>0xc000</run_address>
         <size>0x100</size>
         <input_file_ref idref="fl-8"/>
      </object_component>
      <object_component id="oc-b5">
         <name>.reset</name>
         <load_address>0x3fffc0</load_address>
         <run_address>0x3fffc0</run_address>
         <size>0x2</size>
         <input_file_ref idref="fl-13"/>
      </object_component>
      <object_component id="oc-af">
         <name>.adc_cal</name>
         <load_address>0x380080</load_address>
         <run_address>0x380080</run_address>
         <size>0x7</size>
         <input_file_ref idref="fl-f"/>
      </object_component>
      <object_component id="oc-48">
         <name>.debug_info</name>
         <load_address>0x0</load_address>
         <run_address>0x0</run_address>
         <size>0x4004</size>
         <input_file_ref idref="fl-3"/>
      </object_component>
      <object_component id="oc-4f">
         <name>.debug_info</name>
         <load_address>0x4004</load_address>
         <run_address>0x4004</run_address>
         <size>0x921</size>
         <input_file_ref idref="fl-4"/>
      </object_component>
      <object_component id="oc-56">
         <name>.debug_info</name>
         <load_address>0x4925</load_address>
         <run_address>0x4925</run_address>
         <size>0xe9</size>
         <input_file_ref idref="fl-5"/>
      </object_component>
      <object_component id="oc-59">
         <name>.debug_info</name>
         <load_address>0x4a0e</load_address>
         <run_address>0x4a0e</run_address>
         <size>0x21d2</size>
         <input_file_ref idref="fl-6"/>
      </object_component>
      <object_component id="oc-5d">
         <name>.debug_info</name>
         <load_address>0x6be0</load_address>
         <run_address>0x6be0</run_address>
         <size>0x1ea6</size>
         <input_file_ref idref="fl-7"/>
      </object_component>
      <object_component id="oc-61">
         <name>.debug_info</name>
         <load_address>0x8a86</load_address>
         <run_address>0x8a86</run_address>
         <size>0x2295</size>
         <input_file_ref idref="fl-8"/>
      </object_component>
      <object_component id="oc-66">
         <name>.debug_info</name>
         <load_address>0xad1b</load_address>
         <run_address>0xad1b</run_address>
         <size>0xb2b</size>
         <input_file_ref idref="fl-9"/>
      </object_component>
      <object_component id="oc-6a">
         <name>.debug_info</name>
         <load_address>0xb846</load_address>
         <run_address>0xb846</run_address>
         <size>0x12d93</size>
         <input_file_ref idref="fl-a"/>
      </object_component>
      <object_component id="oc-9d">
         <name>.debug_info</name>
         <load_address>0x1e5d9</load_address>
         <run_address>0x1e5d9</run_address>
         <size>0x22ea</size>
         <input_file_ref idref="fl-b"/>
      </object_component>
      <object_component id="oc-a2">
         <name>.debug_info</name>
         <load_address>0x208c3</load_address>
         <run_address>0x208c3</run_address>
         <size>0x16be</size>
         <input_file_ref idref="fl-c"/>
      </object_component>
      <object_component id="oc-a6">
         <name>.debug_info</name>
         <load_address>0x21f81</load_address>
         <run_address>0x21f81</run_address>
         <size>0x977</size>
         <input_file_ref idref="fl-d"/>
      </object_component>
      <object_component id="oc-ac">
         <name>.debug_info</name>
         <load_address>0x228f8</load_address>
         <run_address>0x228f8</run_address>
         <size>0x12a</size>
         <input_file_ref idref="fl-e"/>
      </object_component>
      <object_component id="oc-b0">
         <name>.debug_info</name>
         <load_address>0x22a22</load_address>
         <run_address>0x22a22</run_address>
         <size>0xe9</size>
         <input_file_ref idref="fl-f"/>
      </object_component>
      <object_component id="oc-b6">
         <name>.debug_info</name>
         <load_address>0x22b0b</load_address>
         <run_address>0x22b0b</run_address>
         <size>0xde</size>
         <input_file_ref idref="fl-13"/>
      </object_component>
      <object_component id="oc-b9">
         <name>.debug_info</name>
         <load_address>0x22be9</load_address>
         <run_address>0x22be9</run_address>
         <size>0x3c6</size>
         <input_file_ref idref="fl-14"/>
      </object_component>
      <object_component id="oc-bd">
         <name>.debug_info</name>
         <load_address>0x22faf</load_address>
         <run_address>0x22faf</run_address>
         <size>0x488</size>
         <input_file_ref idref="fl-15"/>
      </object_component>
      <object_component id="oc-c4">
         <name>.debug_info</name>
         <load_address>0x23437</load_address>
         <run_address>0x23437</run_address>
         <size>0xc0</size>
         <input_file_ref idref="fl-16"/>
      </object_component>
      <object_component id="oc-c7">
         <name>.debug_info</name>
         <load_address>0x234f7</load_address>
         <run_address>0x234f7</run_address>
         <size>0x455</size>
         <input_file_ref idref="fl-17"/>
      </object_component>
      <object_component id="oc-cb">
         <name>.debug_info</name>
         <load_address>0x2394c</load_address>
         <run_address>0x2394c</run_address>
         <size>0x430</size>
         <input_file_ref idref="fl-18"/>
      </object_component>
      <object_component id="oc-cf">
         <name>.debug_info</name>
         <load_address>0x23d7c</load_address>
         <run_address>0x23d7c</run_address>
         <size>0x3d8</size>
         <input_file_ref idref="fl-19"/>
      </object_component>
      <object_component id="oc-d3">
         <name>.debug_info</name>
         <load_address>0x24154</load_address>
         <run_address>0x24154</run_address>
         <size>0x3e0</size>
         <input_file_ref idref="fl-1a"/>
      </object_component>
      <object_component id="oc-d7">
         <name>.debug_info</name>
         <load_address>0x24534</load_address>
         <run_address>0x24534</run_address>
         <size>0x4ae</size>
         <input_file_ref idref="fl-1b"/>
      </object_component>
      <object_component id="oc-dd">
         <name>.debug_info</name>
         <load_address>0x249e2</load_address>
         <run_address>0x249e2</run_address>
         <size>0x40c</size>
         <input_file_ref idref="fl-1c"/>
      </object_component>
      <object_component id="oc-e1">
         <name>.debug_info</name>
         <load_address>0x24dee</load_address>
         <run_address>0x24dee</run_address>
         <size>0x46f</size>
         <input_file_ref idref="fl-1d"/>
      </object_component>
      <object_component id="oc-e5">
         <name>.debug_info</name>
         <load_address>0x2525d</load_address>
         <run_address>0x2525d</run_address>
         <size>0x355</size>
         <input_file_ref idref="fl-1e"/>
      </object_component>
      <object_component id="oc-e9">
         <name>.debug_info</name>
         <load_address>0x255b2</load_address>
         <run_address>0x255b2</run_address>
         <size>0x3ec</size>
         <input_file_ref idref="fl-1f"/>
      </object_component>
      <object_component id="oc-ed">
         <name>.debug_info</name>
         <load_address>0x2599e</load_address>
         <run_address>0x2599e</run_address>
         <size>0x3d2</size>
         <input_file_ref idref="fl-20"/>
      </object_component>
      <object_component id="oc-f2">
         <name>.debug_info</name>
         <load_address>0x25d70</load_address>
         <run_address>0x25d70</run_address>
         <size>0xeb</size>
         <input_file_ref idref="fl-21"/>
      </object_component>
      <object_component id="oc-f5">
         <name>.debug_info</name>
         <load_address>0x25e5b</load_address>
         <run_address>0x25e5b</run_address>
         <size>0x3e2</size>
         <input_file_ref idref="fl-22"/>
      </object_component>
      <object_component id="oc-15b">
         <name>.debug_info</name>
         <load_address>0x2623d</load_address>
         <run_address>0x2623d</run_address>
         <size>0x6f</size>
      </object_component>
      <object_component id="oc-4c">
         <name>.debug_frame</name>
         <load_address>0x0</load_address>
         <run_address>0x0</run_address>
         <size>0x1bc</size>
         <input_file_ref idref="fl-3"/>
      </object_component>
      <object_component id="oc-52">
         <name>.debug_frame</name>
         <load_address>0x1bc</load_address>
         <run_address>0x1bc</run_address>
         <size>0x126</size>
         <input_file_ref idref="fl-4"/>
      </object_component>
      <object_component id="oc-5a">
         <name>.debug_frame</name>
         <load_address>0x2e2</load_address>
         <run_address>0x2e2</run_address>
         <size>0xd6</size>
         <input_file_ref idref="fl-6"/>
      </object_component>
      <object_component id="oc-5e">
         <name>.debug_frame</name>
         <load_address>0x3b8</load_address>
         <run_address>0x3b8</run_address>
         <size>0x12c</size>
         <input_file_ref idref="fl-7"/>
      </object_component>
      <object_component id="oc-63">
         <name>.debug_frame</name>
         <load_address>0x4e4</load_address>
         <run_address>0x4e4</run_address>
         <size>0xac</size>
         <input_file_ref idref="fl-8"/>
      </object_component>
      <object_component id="oc-67">
         <name>.debug_frame</name>
         <load_address>0x590</load_address>
         <run_address>0x590</run_address>
         <size>0xbe</size>
         <input_file_ref idref="fl-9"/>
      </object_component>
      <object_component id="oc-9f">
         <name>.debug_frame</name>
         <load_address>0x64e</load_address>
         <run_address>0x64e</run_address>
         <size>0xd1a</size>
         <input_file_ref idref="fl-b"/>
      </object_component>
      <object_component id="oc-a3">
         <name>.debug_frame</name>
         <load_address>0x1368</load_address>
         <run_address>0x1368</run_address>
         <size>0x8e</size>
         <input_file_ref idref="fl-c"/>
      </object_component>
      <object_component id="oc-a8">
         <name>.debug_frame</name>
         <load_address>0x13f6</load_address>
         <run_address>0x13f6</run_address>
         <size>0xc5</size>
         <input_file_ref idref="fl-d"/>
      </object_component>
      <object_component id="oc-ba">
         <name>.debug_frame</name>
         <load_address>0x14bb</load_address>
         <run_address>0x14bb</run_address>
         <size>0xad</size>
         <input_file_ref idref="fl-14"/>
      </object_component>
      <object_component id="oc-c0">
         <name>.debug_frame</name>
         <load_address>0x1568</load_address>
         <run_address>0x1568</run_address>
         <size>0xc7</size>
         <input_file_ref idref="fl-15"/>
      </object_component>
      <object_component id="oc-c8">
         <name>.debug_frame</name>
         <load_address>0x162f</load_address>
         <run_address>0x162f</run_address>
         <size>0xa6</size>
         <input_file_ref idref="fl-17"/>
      </object_component>
      <object_component id="oc-cc">
         <name>.debug_frame</name>
         <load_address>0x16d5</load_address>
         <run_address>0x16d5</run_address>
         <size>0xb6</size>
         <input_file_ref idref="fl-18"/>
      </object_component>
      <object_component id="oc-d0">
         <name>.debug_frame</name>
         <load_address>0x178b</load_address>
         <run_address>0x178b</run_address>
         <size>0xad</size>
         <input_file_ref idref="fl-19"/>
      </object_component>
      <object_component id="oc-d4">
         <name>.debug_frame</name>
         <load_address>0x1838</load_address>
         <run_address>0x1838</run_address>
         <size>0xac</size>
         <input_file_ref idref="fl-1a"/>
      </object_component>
      <object_component id="oc-da">
         <name>.debug_frame</name>
         <load_address>0x18e4</load_address>
         <run_address>0x18e4</run_address>
         <size>0xd6</size>
         <input_file_ref idref="fl-1b"/>
      </object_component>
      <object_component id="oc-de">
         <name>.debug_frame</name>
         <load_address>0x19ba</load_address>
         <run_address>0x19ba</run_address>
         <size>0xad</size>
         <input_file_ref idref="fl-1c"/>
      </object_component>
      <object_component id="oc-e2">
         <name>.debug_frame</name>
         <load_address>0x1a67</load_address>
         <run_address>0x1a67</run_address>
         <size>0xa6</size>
         <input_file_ref idref="fl-1d"/>
      </object_component>
      <object_component id="oc-ea">
         <name>.debug_frame</name>
         <load_address>0x1b0d</load_address>
         <run_address>0x1b0d</run_address>
         <size>0xb6</size>
         <input_file_ref idref="fl-1f"/>
      </object_component>
      <object_component id="oc-ee">
         <name>.debug_frame</name>
         <load_address>0x1bc3</load_address>
         <run_address>0x1bc3</run_address>
         <size>0xac</size>
         <input_file_ref idref="fl-20"/>
      </object_component>
      <object_component id="oc-f6">
         <name>.debug_frame</name>
         <load_address>0x1c6f</load_address>
         <run_address>0x1c6f</run_address>
         <size>0xac</size>
         <input_file_ref idref="fl-22"/>
      </object_component>
      <object_component id="oc-4d">
         <name>.debug_line</name>
         <load_address>0x0</load_address>
         <run_address>0x0</run_address>
         <size>0x106</size>
         <input_file_ref idref="fl-3"/>
      </object_component>
      <object_component id="oc-53">
         <name>.debug_line</name>
         <load_address>0x106</load_address>
         <run_address>0x106</run_address>
         <size>0x1a3</size>
         <input_file_ref idref="fl-4"/>
      </object_component>
      <object_component id="oc-57">
         <name>.debug_line</name>
         <load_address>0x2a9</load_address>
         <run_address>0x2a9</run_address>
         <size>0x49</size>
         <input_file_ref idref="fl-5"/>
      </object_component>
      <object_component id="oc-5b">
         <name>.debug_line</name>
         <load_address>0x2f2</load_address>
         <run_address>0x2f2</run_address>
         <size>0xf6</size>
         <input_file_ref idref="fl-6"/>
      </object_component>
      <object_component id="oc-5f">
         <name>.debug_line</name>
         <load_address>0x3e8</load_address>
         <run_address>0x3e8</run_address>
         <size>0x146</size>
         <input_file_ref idref="fl-7"/>
      </object_component>
      <object_component id="oc-64">
         <name>.debug_line</name>
         <load_address>0x52e</load_address>
         <run_address>0x52e</run_address>
         <size>0x69</size>
         <input_file_ref idref="fl-8"/>
      </object_component>
      <object_component id="oc-68">
         <name>.debug_line</name>
         <load_address>0x597</load_address>
         <run_address>0x597</run_address>
         <size>0x87</size>
         <input_file_ref idref="fl-9"/>
      </object_component>
      <object_component id="oc-a0">
         <name>.debug_line</name>
         <load_address>0x61e</load_address>
         <run_address>0x61e</run_address>
         <size>0x763</size>
         <input_file_ref idref="fl-b"/>
      </object_component>
      <object_component id="oc-a4">
         <name>.debug_line</name>
         <load_address>0xd81</load_address>
         <run_address>0xd81</run_address>
         <size>0x33</size>
         <input_file_ref idref="fl-c"/>
      </object_component>
      <object_component id="oc-a9">
         <name>.debug_line</name>
         <load_address>0xdb4</load_address>
         <run_address>0xdb4</run_address>
         <size>0x89</size>
         <input_file_ref idref="fl-d"/>
      </object_component>
      <object_component id="oc-ad">
         <name>.debug_line</name>
         <load_address>0xe3d</load_address>
         <run_address>0xe3d</run_address>
         <size>0x62</size>
         <input_file_ref idref="fl-e"/>
      </object_component>
      <object_component id="oc-b1">
         <name>.debug_line</name>
         <load_address>0xe9f</load_address>
         <run_address>0xe9f</run_address>
         <size>0x4a</size>
         <input_file_ref idref="fl-f"/>
      </object_component>
      <object_component id="oc-b7">
         <name>.debug_line</name>
         <load_address>0xee9</load_address>
         <run_address>0xee9</run_address>
         <size>0x71</size>
         <input_file_ref idref="fl-13"/>
      </object_component>
      <object_component id="oc-bb">
         <name>.debug_line</name>
         <load_address>0xf5a</load_address>
         <run_address>0xf5a</run_address>
         <size>0x49</size>
         <input_file_ref idref="fl-14"/>
      </object_component>
      <object_component id="oc-c1">
         <name>.debug_line</name>
         <load_address>0xfa3</load_address>
         <run_address>0xfa3</run_address>
         <size>0x62</size>
         <input_file_ref idref="fl-15"/>
      </object_component>
      <object_component id="oc-c5">
         <name>.debug_line</name>
         <load_address>0x1005</load_address>
         <run_address>0x1005</run_address>
         <size>0xaa</size>
         <input_file_ref idref="fl-16"/>
      </object_component>
      <object_component id="oc-c9">
         <name>.debug_line</name>
         <load_address>0x10af</load_address>
         <run_address>0x10af</run_address>
         <size>0x5c</size>
         <input_file_ref idref="fl-17"/>
      </object_component>
      <object_component id="oc-cd">
         <name>.debug_line</name>
         <load_address>0x110b</load_address>
         <run_address>0x110b</run_address>
         <size>0x60</size>
         <input_file_ref idref="fl-18"/>
      </object_component>
      <object_component id="oc-d1">
         <name>.debug_line</name>
         <load_address>0x116b</load_address>
         <run_address>0x116b</run_address>
         <size>0x5c</size>
         <input_file_ref idref="fl-19"/>
      </object_component>
      <object_component id="oc-d5">
         <name>.debug_line</name>
         <load_address>0x11c7</load_address>
         <run_address>0x11c7</run_address>
         <size>0x4f</size>
         <input_file_ref idref="fl-1a"/>
      </object_component>
      <object_component id="oc-db">
         <name>.debug_line</name>
         <load_address>0x1216</load_address>
         <run_address>0x1216</run_address>
         <size>0x5b</size>
         <input_file_ref idref="fl-1b"/>
      </object_component>
      <object_component id="oc-df">
         <name>.debug_line</name>
         <load_address>0x1271</load_address>
         <run_address>0x1271</run_address>
         <size>0x51</size>
         <input_file_ref idref="fl-1c"/>
      </object_component>
      <object_component id="oc-e3">
         <name>.debug_line</name>
         <load_address>0x12c2</load_address>
         <run_address>0x12c2</run_address>
         <size>0x50</size>
         <input_file_ref idref="fl-1d"/>
      </object_component>
      <object_component id="oc-eb">
         <name>.debug_line</name>
         <load_address>0x1312</load_address>
         <run_address>0x1312</run_address>
         <size>0x4b</size>
         <input_file_ref idref="fl-1f"/>
      </object_component>
      <object_component id="oc-ef">
         <name>.debug_line</name>
         <load_address>0x135d</load_address>
         <run_address>0x135d</run_address>
         <size>0x44</size>
         <input_file_ref idref="fl-20"/>
      </object_component>
      <object_component id="oc-f3">
         <name>.debug_line</name>
         <load_address>0x13a1</load_address>
         <run_address>0x13a1</run_address>
         <size>0x66</size>
         <input_file_ref idref="fl-21"/>
      </object_component>
      <object_component id="oc-f7">
         <name>.debug_line</name>
         <load_address>0x1407</load_address>
         <run_address>0x1407</run_address>
         <size>0x4e</size>
         <input_file_ref idref="fl-22"/>
      </object_component>
      <object_component id="oc-4e">
         <name>.debug_abbrev</name>
         <load_address>0x0</load_address>
         <run_address>0x0</run_address>
         <size>0x186</size>
         <input_file_ref idref="fl-3"/>
      </object_component>
      <object_component id="oc-54">
         <name>.debug_abbrev</name>
         <load_address>0x186</load_address>
         <run_address>0x186</run_address>
         <size>0x10f</size>
         <input_file_ref idref="fl-4"/>
      </object_component>
      <object_component id="oc-58">
         <name>.debug_abbrev</name>
         <load_address>0x295</load_address>
         <run_address>0x295</run_address>
         <size>0x2c</size>
         <input_file_ref idref="fl-5"/>
      </object_component>
      <object_component id="oc-5c">
         <name>.debug_abbrev</name>
         <load_address>0x2c1</load_address>
         <run_address>0x2c1</run_address>
         <size>0xdb</size>
         <input_file_ref idref="fl-6"/>
      </object_component>
      <object_component id="oc-60">
         <name>.debug_abbrev</name>
         <load_address>0x39c</load_address>
         <run_address>0x39c</run_address>
         <size>0x166</size>
         <input_file_ref idref="fl-7"/>
      </object_component>
      <object_component id="oc-65">
         <name>.debug_abbrev</name>
         <load_address>0x502</load_address>
         <run_address>0x502</run_address>
         <size>0x107</size>
         <input_file_ref idref="fl-8"/>
      </object_component>
      <object_component id="oc-69">
         <name>.debug_abbrev</name>
         <load_address>0x609</load_address>
         <run_address>0x609</run_address>
         <size>0xbb</size>
         <input_file_ref idref="fl-9"/>
      </object_component>
      <object_component id="oc-9c">
         <name>.debug_abbrev</name>
         <load_address>0x6c4</load_address>
         <run_address>0x6c4</run_address>
         <size>0xb3</size>
         <input_file_ref idref="fl-a"/>
      </object_component>
      <object_component id="oc-a1">
         <name>.debug_abbrev</name>
         <load_address>0x777</load_address>
         <run_address>0x777</run_address>
         <size>0xd5</size>
         <input_file_ref idref="fl-b"/>
      </object_component>
      <object_component id="oc-a5">
         <name>.debug_abbrev</name>
         <load_address>0x84c</load_address>
         <run_address>0x84c</run_address>
         <size>0x117</size>
         <input_file_ref idref="fl-c"/>
      </object_component>
      <object_component id="oc-aa">
         <name>.debug_abbrev</name>
         <load_address>0x963</load_address>
         <run_address>0x963</run_address>
         <size>0xf0</size>
         <input_file_ref idref="fl-d"/>
      </object_component>
      <object_component id="oc-ae">
         <name>.debug_abbrev</name>
         <load_address>0xa53</load_address>
         <run_address>0xa53</run_address>
         <size>0x20</size>
         <input_file_ref idref="fl-e"/>
      </object_component>
      <object_component id="oc-b2">
         <name>.debug_abbrev</name>
         <load_address>0xa73</load_address>
         <run_address>0xa73</run_address>
         <size>0x2c</size>
         <input_file_ref idref="fl-f"/>
      </object_component>
      <object_component id="oc-b8">
         <name>.debug_abbrev</name>
         <load_address>0xa9f</load_address>
         <run_address>0xa9f</run_address>
         <size>0x43</size>
         <input_file_ref idref="fl-13"/>
      </object_component>
      <object_component id="oc-bc">
         <name>.debug_abbrev</name>
         <load_address>0xae2</load_address>
         <run_address>0xae2</run_address>
         <size>0x92</size>
         <input_file_ref idref="fl-14"/>
      </object_component>
      <object_component id="oc-c2">
         <name>.debug_abbrev</name>
         <load_address>0xb74</load_address>
         <run_address>0xb74</run_address>
         <size>0x10c</size>
         <input_file_ref idref="fl-15"/>
      </object_component>
      <object_component id="oc-c6">
         <name>.debug_abbrev</name>
         <load_address>0xc80</load_address>
         <run_address>0xc80</run_address>
         <size>0x35</size>
         <input_file_ref idref="fl-16"/>
      </object_component>
      <object_component id="oc-ca">
         <name>.debug_abbrev</name>
         <load_address>0xcb5</load_address>
         <run_address>0xcb5</run_address>
         <size>0xa6</size>
         <input_file_ref idref="fl-17"/>
      </object_component>
      <object_component id="oc-ce">
         <name>.debug_abbrev</name>
         <load_address>0xd5b</load_address>
         <run_address>0xd5b</run_address>
         <size>0xc0</size>
         <input_file_ref idref="fl-18"/>
      </object_component>
      <object_component id="oc-d2">
         <name>.debug_abbrev</name>
         <load_address>0xe1b</load_address>
         <run_address>0xe1b</run_address>
         <size>0x92</size>
         <input_file_ref idref="fl-19"/>
      </object_component>
      <object_component id="oc-d6">
         <name>.debug_abbrev</name>
         <load_address>0xead</load_address>
         <run_address>0xead</run_address>
         <size>0xb2</size>
         <input_file_ref idref="fl-1a"/>
      </object_component>
      <object_component id="oc-dc">
         <name>.debug_abbrev</name>
         <load_address>0xf5f</load_address>
         <run_address>0xf5f</run_address>
         <size>0xa9</size>
         <input_file_ref idref="fl-1b"/>
      </object_component>
      <object_component id="oc-e0">
         <name>.debug_abbrev</name>
         <load_address>0x1008</load_address>
         <run_address>0x1008</run_address>
         <size>0xb9</size>
         <input_file_ref idref="fl-1c"/>
      </object_component>
      <object_component id="oc-e4">
         <name>.debug_abbrev</name>
         <load_address>0x10c1</load_address>
         <run_address>0x10c1</run_address>
         <size>0xed</size>
         <input_file_ref idref="fl-1d"/>
      </object_component>
      <object_component id="oc-e8">
         <name>.debug_abbrev</name>
         <load_address>0x11ae</load_address>
         <run_address>0x11ae</run_address>
         <size>0x35</size>
         <input_file_ref idref="fl-1e"/>
      </object_component>
      <object_component id="oc-ec">
         <name>.debug_abbrev</name>
         <load_address>0x11e3</load_address>
         <run_address>0x11e3</run_address>
         <size>0xc0</size>
         <input_file_ref idref="fl-1f"/>
      </object_component>
      <object_component id="oc-f0">
         <name>.debug_abbrev</name>
         <load_address>0x12a3</load_address>
         <run_address>0x12a3</run_address>
         <size>0x94</size>
         <input_file_ref idref="fl-20"/>
      </object_component>
      <object_component id="oc-f4">
         <name>.debug_abbrev</name>
         <load_address>0x1337</load_address>
         <run_address>0x1337</run_address>
         <size>0x35</size>
         <input_file_ref idref="fl-21"/>
      </object_component>
      <object_component id="oc-f8">
         <name>.debug_abbrev</name>
         <load_address>0x136c</load_address>
         <run_address>0x136c</run_address>
         <size>0x9b</size>
         <input_file_ref idref="fl-22"/>
      </object_component>
      <object_component id="oc-15c">
         <name>.debug_abbrev</name>
         <load_address>0x1407</load_address>
         <run_address>0x1407</run_address>
         <size>0xd</size>
      </object_component>
   </object_component_list>
   <logical_group_list>
      <logical_group id="lg-2" display="no" color="cyan">
         <name>PieVectTableFile</name>
         <run_address>0xd00</run_address>
         <size>0x100</size>
         <contents>
            <object_component_ref idref="oc-9b"/>
         </contents>
      </logical_group>
      <logical_group id="lg-3" display="no" color="cyan">
         <name>DevEmuRegsFile</name>
         <run_address>0x880</run_address>
         <size>0xd0</size>
         <contents>
            <object_component_ref idref="oc-97"/>
         </contents>
      </logical_group>
      <logical_group id="lg-4" display="no" color="cyan">
         <name>FlashRegsFile</name>
         <run_address>0xa80</run_address>
         <size>0x8</size>
         <contents>
            <object_component_ref idref="oc-6d"/>
         </contents>
      </logical_group>
      <logical_group id="lg-5" display="no" color="cyan">
         <name>CsmRegsFile</name>
         <run_address>0xae0</run_address>
         <size>0x10</size>
         <contents>
            <object_component_ref idref="oc-77"/>
         </contents>
      </logical_group>
      <logical_group id="lg-6" display="no" color="cyan">
         <name>AdcMirrorFile</name>
         <run_address>0xb00</run_address>
         <size>0x10</size>
         <contents>
            <object_component_ref idref="oc-76"/>
         </contents>
      </logical_group>
      <logical_group id="lg-7" display="no" color="cyan">
         <name>XintfRegsFile</name>
         <run_address>0xb20</run_address>
         <size>0x1e</size>
         <contents>
            <object_component_ref idref="oc-7a"/>
         </contents>
      </logical_group>
      <logical_group id="lg-8" display="no" color="cyan">
         <name>CpuTimer0RegsFile</name>
         <run_address>0xc00</run_address>
         <size>0x8</size>
         <contents>
            <object_component_ref idref="oc-6e"/>
         </contents>
      </logical_group>
      <logical_group id="lg-9" display="no" color="cyan">
         <name>CpuTimer1RegsFile</name>
         <run_address>0xc08</run_address>
         <size>0x8</size>
         <contents>
            <object_component_ref idref="oc-6c"/>
         </contents>
      </logical_group>
      <logical_group id="lg-a" display="no" color="cyan">
         <name>CpuTimer2RegsFile</name>
         <run_address>0xc10</run_address>
         <size>0x8</size>
         <contents>
            <object_component_ref idref="oc-6b"/>
         </contents>
      </logical_group>
      <logical_group id="lg-b" display="no" color="cyan">
         <name>PieCtrlRegsFile</name>
         <run_address>0xce0</run_address>
         <size>0x1a</size>
         <contents>
            <object_component_ref idref="oc-78"/>
         </contents>
      </logical_group>
      <logical_group id="lg-c" display="no" color="cyan">
         <name>DmaRegsFile</name>
         <run_address>0x1000</run_address>
         <size>0xe0</size>
         <contents>
            <object_component_ref idref="oc-98"/>
         </contents>
      </logical_group>
      <logical_group id="lg-d" display="no" color="cyan">
         <name>McbspaRegsFile</name>
         <run_address>0x5000</run_address>
         <size>0x25</size>
         <contents>
            <object_component_ref idref="oc-8a"/>
         </contents>
      </logical_group>
      <logical_group id="lg-e" display="no" color="cyan">
         <name>McbspbRegsFile</name>
         <run_address>0x5040</run_address>
         <size>0x25</size>
         <contents>
            <object_component_ref idref="oc-8b"/>
         </contents>
      </logical_group>
      <logical_group id="lg-f" display="no" color="cyan">
         <name>ECanaRegsFile</name>
         <run_address>0x6000</run_address>
         <size>0x34</size>
         <contents>
            <object_component_ref idref="oc-8e"/>
         </contents>
      </logical_group>
      <logical_group id="lg-10" display="no" color="cyan">
         <name>ECanaLAMRegsFile</name>
         <run_address>0x6040</run_address>
         <size>0x40</size>
         <contents>
            <object_component_ref idref="oc-91"/>
         </contents>
      </logical_group>
      <logical_group id="lg-11" display="no" color="cyan">
         <name>ECanaMboxesFile</name>
         <run_address>0x6100</run_address>
         <size>0x100</size>
         <contents>
            <object_component_ref idref="oc-9a"/>
         </contents>
      </logical_group>
      <logical_group id="lg-12" display="no" color="cyan">
         <name>ECanaMOTSRegsFile</name>
         <run_address>0x6080</run_address>
         <size>0x40</size>
         <contents>
            <object_component_ref idref="oc-92"/>
         </contents>
      </logical_group>
      <logical_group id="lg-13" display="no" color="cyan">
         <name>ECanaMOTORegsFile</name>
         <run_address>0x60c0</run_address>
         <size>0x40</size>
         <contents>
            <object_component_ref idref="oc-8f"/>
         </contents>
      </logical_group>
      <logical_group id="lg-14" display="no" color="cyan">
         <name>ECanbRegsFile</name>
         <run_address>0x6200</run_address>
         <size>0x34</size>
         <contents>
            <object_component_ref idref="oc-8d"/>
         </contents>
      </logical_group>
      <logical_group id="lg-15" display="no" color="cyan">
         <name>ECanbLAMRegsFile</name>
         <run_address>0x6240</run_address>
         <size>0x40</size>
         <contents>
            <object_component_ref idref="oc-95"/>
         </contents>
      </logical_group>
      <logical_group id="lg-16" display="no" color="cyan">
         <name>ECanbMboxesFile</name>
         <run_address>0x6300</run_address>
         <size>0x100</size>
         <contents>
            <object_component_ref idref="oc-99"/>
         </contents>
      </logical_group>
      <logical_group id="lg-17" display="no" color="cyan">
         <name>ECanbMOTSRegsFile</name>
         <run_address>0x6280</run_address>
         <size>0x40</size>
         <contents>
            <object_component_ref idref="oc-90"/>
         </contents>
      </logical_group>
      <logical_group id="lg-18" display="no" color="cyan">
         <name>ECanbMOTORegsFile</name>
         <run_address>0x62c0</run_address>
         <size>0x40</size>
         <contents>
            <object_component_ref idref="oc-93"/>
         </contents>
      </logical_group>
      <logical_group id="lg-19" display="no" color="cyan">
         <name>EPwm1RegsFile</name>
         <run_address>0x6800</run_address>
         <size>0x22</size>
         <contents>
            <object_component_ref idref="oc-85"/>
         </contents>
      </logical_group>
      <logical_group id="lg-1a" display="no" color="cyan">
         <name>EPwm2RegsFile</name>
         <run_address>0x6840</run_address>
         <size>0x22</size>
         <contents>
            <object_component_ref idref="oc-84"/>
         </contents>
      </logical_group>
      <logical_group id="lg-1b" display="no" color="cyan">
         <name>EPwm3RegsFile</name>
         <run_address>0x6880</run_address>
         <size>0x22</size>
         <contents>
            <object_component_ref idref="oc-86"/>
         </contents>
      </logical_group>
      <logical_group id="lg-1c" display="no" color="cyan">
         <name>EPwm4RegsFile</name>
         <run_address>0x68c0</run_address>
         <size>0x22</size>
         <contents>
            <object_component_ref idref="oc-88"/>
         </contents>
      </logical_group>
      <logical_group id="lg-1d" display="no" color="cyan">
         <name>EPwm5RegsFile</name>
         <run_address>0x6900</run_address>
         <size>0x22</size>
         <contents>
            <object_component_ref idref="oc-87"/>
         </contents>
      </logical_group>
      <logical_group id="lg-1e" display="no" color="cyan">
         <name>EPwm6RegsFile</name>
         <run_address>0x6940</run_address>
         <size>0x22</size>
         <contents>
            <object_component_ref idref="oc-89"/>
         </contents>
      </logical_group>
      <logical_group id="lg-1f" display="no" color="cyan">
         <name>ECap1RegsFile</name>
         <run_address>0x6a00</run_address>
         <size>0x20</size>
         <contents>
            <object_component_ref idref="oc-81"/>
         </contents>
      </logical_group>
      <logical_group id="lg-20" display="no" color="cyan">
         <name>ECap2RegsFile</name>
         <run_address>0x6a20</run_address>
         <size>0x20</size>
         <contents>
            <object_component_ref idref="oc-7d"/>
         </contents>
      </logical_group>
      <logical_group id="lg-21" display="no" color="cyan">
         <name>ECap3RegsFile</name>
         <run_address>0x6a40</run_address>
         <size>0x20</size>
         <contents>
            <object_component_ref idref="oc-7e"/>
         </contents>
      </logical_group>
      <logical_group id="lg-22" display="no" color="cyan">
         <name>ECap4RegsFile</name>
         <run_address>0x6a60</run_address>
         <size>0x20</size>
         <contents>
            <object_component_ref idref="oc-7b"/>
         </contents>
      </logical_group>
      <logical_group id="lg-23" display="no" color="cyan">
         <name>ECap5RegsFile</name>
         <run_address>0x6a80</run_address>
         <size>0x20</size>
         <contents>
            <object_component_ref idref="oc-7c"/>
         </contents>
      </logical_group>
      <logical_group id="lg-24" display="no" color="cyan">
         <name>ECap6RegsFile</name>
         <run_address>0x6aa0</run_address>
         <size>0x20</size>
         <contents>
            <object_component_ref idref="oc-82"/>
         </contents>
      </logical_group>
      <logical_group id="lg-25" display="no" color="cyan">
         <name>EQep1RegsFile</name>
         <run_address>0x6b00</run_address>
         <size>0x40</size>
         <contents>
            <object_component_ref idref="oc-96"/>
         </contents>
      </logical_group>
      <logical_group id="lg-26" display="no" color="cyan">
         <name>EQep2RegsFile</name>
         <run_address>0x6b40</run_address>
         <size>0x40</size>
         <contents>
            <object_component_ref idref="oc-94"/>
         </contents>
      </logical_group>
      <logical_group id="lg-27" display="no" color="cyan">
         <name>GpioCtrlRegsFile</name>
         <run_address>0x6f80</run_address>
         <size>0x2e</size>
         <contents>
            <object_component_ref idref="oc-8c"/>
         </contents>
      </logical_group>
      <logical_group id="lg-28" display="no" color="cyan">
         <name>GpioDataRegsFile</name>
         <run_address>0x6fc0</run_address>
         <size>0x20</size>
         <contents>
            <object_component_ref idref="oc-7f"/>
         </contents>
      </logical_group>
      <logical_group id="lg-29" display="no" color="cyan">
         <name>GpioIntRegsFile</name>
         <run_address>0x6fe0</run_address>
         <size>0xa</size>
         <contents>
            <object_component_ref idref="oc-70"/>
         </contents>
      </logical_group>
      <logical_group id="lg-2a" display="no" color="cyan">
         <name>SysCtrlRegsFile</name>
         <run_address>0x7010</run_address>
         <size>0x20</size>
         <contents>
            <object_component_ref idref="oc-80"/>
         </contents>
      </logical_group>
      <logical_group id="lg-2b" display="no" color="cyan">
         <name>SpiaRegsFile</name>
         <run_address>0x7040</run_address>
         <size>0x10</size>
         <contents>
            <object_component_ref idref="oc-73"/>
         </contents>
      </logical_group>
      <logical_group id="lg-2c" display="no" color="cyan">
         <name>SciaRegsFile</name>
         <run_address>0x7050</run_address>
         <size>0x10</size>
         <contents>
            <object_component_ref idref="oc-74"/>
         </contents>
      </logical_group>
      <logical_group id="lg-2d" display="no" color="cyan">
         <name>XIntruptRegsFile</name>
         <run_address>0x7070</run_address>
         <size>0x10</size>
         <contents>
            <object_component_ref idref="oc-75"/>
         </contents>
      </logical_group>
      <logical_group id="lg-2e" display="no" color="cyan">
         <name>AdcRegsFile</name>
         <run_address>0x7100</run_address>
         <size>0x1e</size>
         <contents>
            <object_component_ref idref="oc-79"/>
         </contents>
      </logical_group>
      <logical_group id="lg-2f" display="no" color="cyan">
         <name>ScibRegsFile</name>
         <run_address>0x7750</run_address>
         <size>0x10</size>
         <contents>
            <object_component_ref idref="oc-72"/>
         </contents>
      </logical_group>
      <logical_group id="lg-30" display="no" color="cyan">
         <name>ScicRegsFile</name>
         <run_address>0x7770</run_address>
         <size>0x10</size>
         <contents>
            <object_component_ref idref="oc-71"/>
         </contents>
      </logical_group>
      <logical_group id="lg-31" display="no" color="cyan">
         <name>I2caRegsFile</name>
         <run_address>0x7900</run_address>
         <size>0x22</size>
         <contents>
            <object_component_ref idref="oc-83"/>
         </contents>
      </logical_group>
      <logical_group id="lg-32" display="no" color="cyan">
         <name>CsmPwlFile</name>
         <run_address>0x33fff8</run_address>
         <size>0x8</size>
         <contents>
            <object_component_ref idref="oc-6f"/>
         </contents>
      </logical_group>
      <logical_group id="lg-33" display="no" color="cyan">
         <name>codestart</name>
         <load_address>0x0</load_address>
         <run_address>0x0</run_address>
         <size>0x2</size>
         <contents>
            <object_component_ref idref="oc-47"/>
         </contents>
      </logical_group>
      <logical_group id="lg-34" display="no" color="cyan">
         <name>ramfuncs</name>
         <load_address>0x8d3e</load_address>
         <run_address>0x8d3e</run_address>
         <size>0x4</size>
         <contents>
            <object_component_ref idref="oc-55"/>
         </contents>
      </logical_group>
      <logical_group id="lg-35" display="no" color="cyan">
         <name>.text</name>
         <load_address>0x8000</load_address>
         <run_address>0x8000</run_address>
         <size>0xd0d</size>
         <contents>
            <object_component_ref idref="oc-9e"/>
            <object_component_ref idref="oc-fa"/>
            <object_component_ref idref="oc-105"/>
            <object_component_ref idref="oc-106"/>
            <object_component_ref idref="oc-4b"/>
            <object_component_ref idref="oc-c3"/>
            <object_component_ref idref="oc-102"/>
            <object_component_ref idref="oc-109"/>
            <object_component_ref idref="oc-104"/>
            <object_component_ref idref="oc-ff"/>
            <object_component_ref idref="oc-fe"/>
            <object_component_ref idref="oc-100"/>
            <object_component_ref idref="oc-103"/>
            <object_component_ref idref="oc-b3"/>
            <object_component_ref idref="oc-10b"/>
            <object_component_ref idref="oc-107"/>
            <object_component_ref idref="oc-101"/>
            <object_component_ref idref="oc-108"/>
            <object_component_ref idref="oc-f1"/>
            <object_component_ref idref="oc-f9"/>
            <object_component_ref idref="oc-fb"/>
            <object_component_ref idref="oc-fc"/>
            <object_component_ref idref="oc-10a"/>
            <object_component_ref idref="oc-fd"/>
            <object_component_ref idref="oc-ab"/>
         </contents>
      </logical_group>
      <logical_group id="lg-36" display="no" color="cyan">
         <name>.cinit</name>
         <load_address>0x8d0d</load_address>
         <run_address>0x8d0d</run_address>
         <size>0x31</size>
         <contents>
            <object_component_ref idref="oc-49"/>
            <object_component_ref idref="oc-d8"/>
            <object_component_ref idref="oc-be"/>
            <object_component_ref idref="oc-50"/>
            <object_component_ref idref="oc-e6"/>
         </contents>
      </logical_group>
      <logical_group id="lg-37" display="no" color="cyan">
         <name>.pinit</name>
         <run_address>0x0</run_address>
         <size>0x0</size>
         <contents>
         </contents>
      </logical_group>
      <logical_group id="lg-38" display="no" color="cyan">
         <name>.switch</name>
         <run_address>0x0</run_address>
         <size>0x0</size>
         <contents>
         </contents>
      </logical_group>
      <logical_group id="lg-39" display="no" color="cyan">
         <name>.stack</name>
         <run_address>0x400</run_address>
         <size>0x3e8</size>
         <contents>
            <object_component_ref idref="oc-b4"/>
            <object_component_ref idref="oc-15a"/>
         </contents>
      </logical_group>
      <logical_group id="lg-3a" display="no" color="cyan">
         <name>.ebss</name>
         <run_address>0xc100</run_address>
         <size>0x20a1</size>
         <contents>
            <object_component_ref idref="oc-4a"/>
            <object_component_ref idref="oc-51"/>
            <object_component_ref idref="oc-a7"/>
            <object_component_ref idref="oc-bf"/>
            <object_component_ref idref="oc-d9"/>
            <object_component_ref idref="oc-e7"/>
         </contents>
      </logical_group>
      <logical_group id="lg-3b" display="no" color="cyan">
         <name>.econst</name>
         <load_address>0xc000</load_address>
         <run_address>0xc000</run_address>
         <size>0x100</size>
         <contents>
            <object_component_ref idref="oc-62"/>
         </contents>
      </logical_group>
      <logical_group id="lg-3c" display="no" color="cyan">
         <name>.esysmem</name>
         <run_address>0x0</run_address>
         <size>0x0</size>
         <contents>
         </contents>
      </logical_group>
      <logical_group id="lg-3d" display="no" color="cyan">
         <name>Zone6DataFile</name>
         <run_address>0x0</run_address>
         <size>0x0</size>
         <contents>
         </contents>
      </logical_group>
      <logical_group id="lg-3e" display="no" color="cyan">
         <name>IQmath</name>
         <run_address>0x0</run_address>
         <size>0x0</size>
         <contents>
         </contents>
      </logical_group>
      <logical_group id="lg-3f" display="no" color="cyan">
         <name>IQmathTables</name>
         <run_address>0x0</run_address>
         <size>0x0</size>
         <contents>
         </contents>
      </logical_group>
      <logical_group id="lg-40" display="no" color="cyan">
         <name>IQmathTables2</name>
         <run_address>0x0</run_address>
         <size>0x0</size>
         <contents>
         </contents>
      </logical_group>
      <logical_group id="lg-41" display="no" color="cyan">
         <name>FPUmathTables</name>
         <run_address>0x0</run_address>
         <size>0x0</size>
         <contents>
         </contents>
      </logical_group>
      <logical_group id="lg-42" display="no" color="cyan">
         <name>ZONE7DATA</name>
         <run_address>0x0</run_address>
         <size>0x0</size>
         <contents>
         </contents>
      </logical_group>
      <logical_group id="lg-43" display="no" color="cyan">
         <name>.reset</name>
         <load_address>0x3fffc0</load_address>
         <run_address>0x3fffc0</run_address>
         <size>0x2</size>
         <contents>
            <object_component_ref idref="oc-b5"/>
         </contents>
      </logical_group>
      <logical_group id="lg-44" display="no" color="cyan">
         <name>csm_rsvd</name>
         <run_address>0x33ff80</run_address>
         <size>0x0</size>
         <contents>
         </contents>
      </logical_group>
      <logical_group id="lg-45" display="no" color="cyan">
         <name>csmpasswds</name>
         <run_address>0x33fff8</run_address>
         <size>0x0</size>
         <contents>
         </contents>
      </logical_group>
      <logical_group id="lg-46" display="no" color="cyan">
         <name>.adc_cal</name>
         <load_address>0x380080</load_address>
         <run_address>0x380080</run_address>
         <size>0x7</size>
         <contents>
            <object_component_ref idref="oc-af"/>
         </contents>
      </logical_group>
      <logical_group id="lg-151" display="never" color="cyan">
         <name>.debug_info</name>
         <load_address>0x0</load_address>
         <run_address>0x0</run_address>
         <size>0x262ac</size>
         <contents>
            <object_component_ref idref="oc-48"/>
            <object_component_ref idref="oc-4f"/>
            <object_component_ref idref="oc-56"/>
            <object_component_ref idref="oc-59"/>
            <object_component_ref idref="oc-5d"/>
            <object_component_ref idref="oc-61"/>
            <object_component_ref idref="oc-66"/>
            <object_component_ref idref="oc-6a"/>
            <object_component_ref idref="oc-9d"/>
            <object_component_ref idref="oc-a2"/>
            <object_component_ref idref="oc-a6"/>
            <object_component_ref idref="oc-ac"/>
            <object_component_ref idref="oc-b0"/>
            <object_component_ref idref="oc-b6"/>
            <object_component_ref idref="oc-b9"/>
            <object_component_ref idref="oc-bd"/>
            <object_component_ref idref="oc-c4"/>
            <object_component_ref idref="oc-c7"/>
            <object_component_ref idref="oc-cb"/>
            <object_component_ref idref="oc-cf"/>
            <object_component_ref idref="oc-d3"/>
            <object_component_ref idref="oc-d7"/>
            <object_component_ref idref="oc-dd"/>
            <object_component_ref idref="oc-e1"/>
            <object_component_ref idref="oc-e5"/>
            <object_component_ref idref="oc-e9"/>
            <object_component_ref idref="oc-ed"/>
            <object_component_ref idref="oc-f2"/>
            <object_component_ref idref="oc-f5"/>
            <object_component_ref idref="oc-15b"/>
         </contents>
      </logical_group>
      <logical_group id="lg-153" display="never" color="cyan">
         <name>.debug_frame</name>
         <load_address>0x0</load_address>
         <run_address>0x0</run_address>
         <size>0x1d1b</size>
         <contents>
            <object_component_ref idref="oc-4c"/>
            <object_component_ref idref="oc-52"/>
            <object_component_ref idref="oc-5a"/>
            <object_component_ref idref="oc-5e"/>
            <object_component_ref idref="oc-63"/>
            <object_component_ref idref="oc-67"/>
            <object_component_ref idref="oc-9f"/>
            <object_component_ref idref="oc-a3"/>
            <object_component_ref idref="oc-a8"/>
            <object_component_ref idref="oc-ba"/>
            <object_component_ref idref="oc-c0"/>
            <object_component_ref idref="oc-c8"/>
            <object_component_ref idref="oc-cc"/>
            <object_component_ref idref="oc-d0"/>
            <object_component_ref idref="oc-d4"/>
            <object_component_ref idref="oc-da"/>
[...]
         <name>_EQep1Regs</name>
         <value>0x6b00</value>
         <object_component_ref idref="oc-96"/>
      </symbol>
      <symbol id="sm-1bc">
         <name>_McbspaRegs</name>
         <value>0x5000</value>
         <object_component_ref idref="oc-8a"/>
      </symbol>
      <symbol id="sm-1bd">
         <name>_EPwm1Regs</name>
         <value>0x6800</value>
         <object_component_ref idref="oc-85"/>
      </symbol>
      <symbol id="sm-1be">
         <name>_ECanbRegs</name>
         <value>0x6200</value>
         <object_component_ref idref="oc-8d"/>
      </symbol>
      <symbol id="sm-1bf">
         <name>_ScibRegs</name>
         <value>0x7750</value>
         <object_component_ref idref="oc-72"/>
      </symbol>
      <symbol id="sm-1c0">
         <name>_ECap2Regs</name>
         <value>0x6a20</value>
         <object_component_ref idref="oc-7d"/>
      </symbol>
      <symbol id="sm-1c1">
         <name>_GpioIntRegs</name>
         <value>0x6fe0</value>
         <object_component_ref idref="oc-70"/>
      </symbol>
      <symbol id="sm-1c2">
         <name>_EQep2Regs</name>
         <value>0x6b40</value>
         <object_component_ref idref="oc-94"/>
      </symbol>
      <symbol id="sm-1c3">
         <name>_EPwm2Regs</name>
         <value>0x6840</value>
         <object_component_ref idref="oc-84"/>
      </symbol>
      <symbol id="sm-1c4">
         <name>_ECanaMboxes</name>
         <value>0x6100</value>
         <object_component_ref idref="oc-9a"/>
      </symbol>
      <symbol id="sm-1c5">
         <name>_ECap3Regs</name>
         <value>0x6a40</value>
         <object_component_ref idref="oc-7e"/>
      </symbol>
      <symbol id="sm-1c6">
         <name>_ECanaMOTORegs</name>
         <value>0x60c0</value>
         <object_component_ref idref="oc-8f"/>
      </symbol>
      <symbol id="sm-1c7">
         <name>_EPwm3Regs</name>
         <value>0x6880</value>
         <object_component_ref idref="oc-86"/>
      </symbol>
      <symbol id="sm-1c8">
         <name>_ECanbLAMRegs</name>
         <value>0x6240</value>
         <object_component_ref idref="oc-95"/>
      </symbol>
      <symbol id="sm-1c9">
         <name>_I2caRegs</name>
         <value>0x7900</value>
         <object_component_ref idref="oc-83"/>
      </symbol>
      <symbol id="sm-220">
         <name>_ILLEGAL_ISR</name>
         <value>0x8042</value>
         <object_component_ref idref="oc-9e"/>
      </symbol>
      <symbol id="sm-221">
         <name>_EPWM6_INT_ISR</name>
         <value>0x8197</value>
         <object_component_ref idref="oc-9e"/>
      </symbol>
      <symbol id="sm-222">
         <name>_DATALOG_ISR</name>
         <value>0x8016</value>
         <object_component_ref idref="oc-9e"/>
      </symbol>
      <symbol id="sm-223">
         <name>_SPITXINTA_ISR</name>
         <value>0x8205</value>
         <object_component_ref idref="oc-9e"/>
      </symbol>
      <symbol id="sm-224">
         <name>_SPIRXINTA_ISR</name>
         <value>0x81fa</value>
         <object_component_ref idref="oc-9e"/>
      </symbol>
      <symbol id="sm-225">
         <name>_DINTCH3_ISR</name>
         <value>0x8252</value>
         <object_component_ref idref="oc-9e"/>
      </symbol>
      <symbol id="sm-226">
         <name>_XINT4_ISR</name>
         <value>0x830d</value>
         <object_component_ref idref="oc-9e"/>
      </symbol>
      <symbol id="sm-227">
         <name>_SEQ1INT_ISR</name>
         <value>0x80d1</value>
         <object_component_ref idref="oc-9e"/>
      </symbol>
      <symbol id="sm-228">
         <name>_ECAP3_INT_ISR</name>
         <value>0x81b8</value>
         <object_component_ref idref="oc-9e"/>
      </symbol>
      <symbol id="sm-229">
         <name>_INT13_ISR</name>
         <value>0x8000</value>
         <object_component_ref idref="oc-9e"/>
      </symbol>
      <symbol id="sm-22a">
         <name>_MXINTA_ISR</name>
         <value>0x8231</value>
         <object_component_ref idref="oc-9e"/>
      </symbol>
      <symbol id="sm-22b">
         <name>_EPWM4_INT_ISR</name>
         <value>0x8181</value>
         <object_component_ref idref="oc-9e"/>
      </symbol>
      <symbol id="sm-22c">
         <name>_USER5_ISR</name>
         <value>0x8079</value>
         <object_component_ref idref="oc-9e"/>
      </symbol>
      <symbol id="sm-22d">
         <name>_XINT7_ISR</name>
         <value>0x832e</value>
         <object_component_ref idref="oc-9e"/>
      </symbol>
      <symbol id="sm-22e">
         <name>_EMPTY_ISR</name>
         <value>0x834f</value>
         <object_component_ref idref="oc-9e"/>
      </symbol>
      <symbol id="sm-22f">
         <name>_EPWM5_TZINT_ISR</name>
         <value>0x814a</value>
         <object_component_ref idref="oc-9e"/>
      </symbol>
      <symbol id="sm-230">
         <name>_EPWM4_TZINT_ISR</name>
         <value>0x813f</value>
         <object_component_ref idref="oc-9e"/>
      </symbol>
      <symbol id="sm-231">
         <name>_ECAN0INTA_ISR</name>
         <value>0x82d6</value>
         <object_component_ref idref="oc-9e"/>
      </symbol>
      <symbol id="sm-232">
         <name>_EPWM6_TZINT_ISR</name>
         <value>0x8155</value>
         <object_component_ref idref="oc-9e"/>
      </symbol>
      <symbol id="sm-233">
         <name>_EMUINT_ISR</name>
         <value>0x802c</value>
         <object_component_ref idref="oc-9e"/>
      </symbol>
      <symbol id="sm-234">
         <name>_ECAP1_INT_ISR</name>
         <value>0x81a2</value>
         <object_component_ref idref="oc-9e"/>
      </symbol>
      <symbol id="sm-235">
         <name>_EPWM1_TZINT_ISR</name>
         <value>0x811e</value>
         <object_component_ref idref="oc-9e"/>
      </symbol>
      <symbol id="sm-236">
         <name>_EQEP2_INT_ISR</name>
         <value>0x81ef</value>
         <object_component_ref idref="oc-9e"/>
      </symbol>
      <symbol id="sm-237">
         <name>_USER11_ISR</name>
         <value>0x80bb</value>
         <object_component_ref idref="oc-9e"/>
      </symbol>
      <symbol id="sm-238">
         <name>_EPWM3_TZINT_ISR</name>
         <value>0x8134</value>
         <object_component_ref idref="oc-9e"/>
      </symbol>
      <symbol id="sm-239">
         <name>_USER4_ISR</name>
         <value>0x806e</value>
         <object_component_ref idref="oc-9e"/>
      </symbol>
      <symbol id="sm-23a">
         <name>_EPWM2_TZINT_ISR</name>
         <value>0x8129</value>
         <object_component_ref idref="oc-9e"/>
      </symbol>
      <symbol id="sm-23b">
         <name>_XINT6_ISR</name>
         <value>0x8323</value>
         <object_component_ref idref="oc-9e"/>
      </symbol>
      <symbol id="sm-23c">
         <name>_EPWM2_INT_ISR</name>
         <value>0x816b</value>
         <object_component_ref idref="oc-9e"/>
      </symbol>
      <symbol id="sm-23d">
         <name>_ECAN0INTB_ISR</name>
         <value>0x82ec</value>
         <object_component_ref idref="oc-9e"/>
      </symbol>
      <symbol id="sm-23e">
         <name>_TINT0_ISR</name>
         <value>0x8108</value>
         <object_component_ref idref="oc-9e"/>
      </symbol>
      <symbol id="sm-23f">
         <name>_WAKEINT_ISR</name>
         <value>0x8113</value>
         <object_component_ref idref="oc-9e"/>
      </symbol>
      <symbol id="sm-240">
         <name>_DINTCH4_ISR</name>
         <value>0x825d</value>
         <object_component_ref idref="oc-9e"/>
      </symbol>
      <symbol id="sm-241">
         <name>_USER10_ISR</name>
         <value>0x80b0</value>
         <object_component_ref idref="oc-9e"/>
      </symbol>
      <symbol id="sm-242">
         <name>_USER7_ISR</name>
         <value>0x808f</value>
         <object_component_ref idref="oc-9e"/>
      </symbol>
      <symbol id="sm-243">
         <name>_XINT1_ISR</name>
         <value>0x80e7</value>
         <object_component_ref idref="oc-9e"/>
      </symbol>
      <symbol id="sm-244">
         <name>_ECAP6_INT_ISR</name>
         <value>0x81d9</value>
         <object_component_ref idref="oc-9e"/>
      </symbol>
      <symbol id="sm-245">
         <name>_INT14_ISR</name>
         <value>0x800b</value>
         <object_component_ref idref="oc-9e"/>
      </symbol>
      <symbol id="sm-246">
         <name>_MXINTB_ISR</name>
         <value>0x821b</value>
         <object_component_ref idref="oc-9e"/>
      </symbol>
      <symbol id="sm-247">
         <name>_DINTCH5_ISR</name>
         <value>0x8268</value>
         <object_component_ref idref="oc-9e"/>
      </symbol>
      <symbol id="sm-248">
         <name>_USER6_ISR</name>
         <value>0x8084</value>
         <object_component_ref idref="oc-9e"/>
      </symbol>
      <symbol id="sm-249">
         <name>_ECAP4_INT_ISR</name>
         <value>0x81c3</value>
         <object_component_ref idref="oc-9e"/>
      </symbol>
      <symbol id="sm-24a">
         <name>_MRINTA_ISR</name>
         <value>0x8226</value>
         <object_component_ref idref="oc-9e"/>
      </symbol>
      <symbol id="sm-24b">
         <name>_DINTCH6_ISR</name>
         <value>0x8273</value>
         <object_component_ref idref="oc-9e"/>
      </symbol>
      <symbol id="sm-24c">
         <name>_USER12_ISR</name>
         <value>0x80c6</value>
         <object_component_ref idref="oc-9e"/>
      </symbol>
      <symbol id="sm-24d">
         <name>_ADCINT_ISR</name>
         <value>0x80fd</value>
         <object_component_ref idref="oc-9e"/>
      </symbol>
      <symbol id="sm-24e">
         <name>_USER1_ISR</name>
         <value>0x804d</value>
         <object_component_ref idref="oc-9e"/>
      </symbol>
      <symbol id="sm-24f">
         <name>_XINT3_ISR</name>
         <value>0x8302</value>
         <object_component_ref idref="oc-9e"/>
      </symbol>
      <symbol id="sm-250">
         <name>_EPWM5_INT_ISR</name>
         <value>0x818c</value>
         <object_component_ref idref="oc-9e"/>
      </symbol>
      <symbol id="sm-251">
         <name>_NMI_ISR</name>
         <value>0x8037</value>
         <object_component_ref idref="oc-9e"/>
      </symbol>
      <symbol id="sm-252">
         <name>_SCITXINTB_ISR</name>
         <value>0x82cb</value>
         <object_component_ref idref="oc-9e"/>
      </symbol>
      <symbol id="sm-253">
         <name>_SCIRXINTB_ISR</name>
         <value>0x82c0</value>
         <object_component_ref idref="oc-9e"/>
      </symbol>
      <symbol id="sm-254">
         <name>_ECAN1INTA_ISR</name>
         <value>0x82e1</value>
         <object_component_ref idref="oc-9e"/>
      </symbol>
      <symbol id="sm-255">
         <name>_ECAP2_INT_ISR</name>
         <value>0x81ad</value>
         <object_component_ref idref="oc-9e"/>
      </symbol>
      <symbol id="sm-256">
         <name>_PIE_RESERVED</name>
         <value>0x835c</value>
         <object_component_ref idref="oc-9e"/>
      </symbol>
      <symbol id="sm-257">
         <name>_I2CINT1A_ISR</name>
         <value>0x827e</value>
         <object_component_ref idref="oc-9e"/>
      </symbol>
      <symbol id="sm-258">
         <name>_XINT2_ISR</name>
         <value>0x80f2</value>
         <object_component_ref idref="oc-9e"/>
      </symbol>
      <symbol id="sm-259">
         <name>_I2CINT2A_ISR</name>
         <value>0x8289</value>
         <object_component_ref idref="oc-9e"/>
      </symbol>
      <symbol id="sm-25a">
         <name>_SCITXINTC_ISR</name>
         <value>0x829f</value>
         <object_component_ref idref="oc-9e"/>
      </symbol>
      <symbol id="sm-25b">
         <name>_SCIRXINTC_ISR</name>
         <value>0x8294</value>
         <object_component_ref idref="oc-9e"/>
      </symbol>
      <symbol id="sm-25c">
         <name>_RTOSINT_ISR</name>
         <value>0x8021</value>
         <object_component_ref idref="oc-9e"/>
      </symbol>
      <symbol id="sm-25d">
         <name>_EPWM3_INT_ISR</name>
         <value>0x8176</value>
         <object_component_ref idref="oc-9e"/>
      </symbol>
      <symbol id="sm-25e">
         <name>_ECAN1INTB_ISR</name>
         <value>0x82f7</value>
         <object_component_ref idref="oc-9e"/>
      </symbol>
      <symbol id="sm-25f">
         <name>_USER9_ISR</name>
         <value>0x80a5</value>
         <object_component_ref idref="oc-9e"/>
      </symbol>
      <symbol id="sm-260">
         <name>_USER3_ISR</name>
         <value>0x8063</value>
         <object_component_ref idref="oc-9e"/>
      </symbol>
      <symbol id="sm-261">
         <name>_EQEP1_INT_ISR</name>
         <value>0x81e4</value>
         <object_component_ref idref="oc-9e"/>
      </symbol>
      <symbol id="sm-262">
         <name>_MRINTB_ISR</name>
         <value>0x8210</value>
         <object_component_ref idref="oc-9e"/>
      </symbol>
      <symbol id="sm-263">
         <name>_DINTCH1_ISR</name>
         <value>0x823c</value>
         <object_component_ref idref="oc-9e"/>
      </symbol>
      <symbol id="sm-264">
         <name>_USER8_ISR</name>
         <value>0x809a</value>
         <object_component_ref idref="oc-9e"/>
      </symbol>
      <symbol id="sm-265">
         <name>_EPWM1_INT_ISR</name>
         <value>0x8160</value>
         <object_component_ref idref="oc-9e"/>
      </symbol>
      <symbol id="sm-266">
         <name>_SEQ2INT_ISR</name>
         <value>0x80dc</value>
         <object_component_ref idref="oc-9e"/>
      </symbol>
      <symbol id="sm-267">
         <name>_USER2_ISR</name>
         <value>0x8058</value>
         <object_component_ref idref="oc-9e"/>
      </symbol>
      <symbol id="sm-268">
         <name>_LUF_ISR</name>
         <value>0x8344</value>
         <object_component_ref idref="oc-9e"/>
      </symbol>
      <symbol id="sm-269">
         <name>_LVF_ISR</name>
         <value>0x8339</value>
         <object_component_ref idref="oc-9e"/>
      </symbol>
      <symbol id="sm-26a">
         <name>_SCITXINTA_ISR</name>
         <value>0x82b5</value>
         <object_component_ref idref="oc-9e"/>
      </symbol>
      <symbol id="sm-26b">
         <name>_SCIRXINTA_ISR</name>
         <value>0x82aa</value>
         <object_component_ref idref="oc-9e"/>
      </symbol>
      <symbol id="sm-26c">
         <name>_rsvd_ISR</name>
         <value>0x8367</value>
         <object_component_ref idref="oc-9e"/>
      </symbol>
      <symbol id="sm-26d">
         <name>_ECAP5_INT_ISR</name>
         <value>0x81ce</value>
         <object_component_ref idref="oc-9e"/>
      </symbol>
      <symbol id="sm-26e">
         <name>_DINTCH2_ISR</name>
         <value>0x8247</value>
         <object_component_ref idref="oc-9e"/>
      </symbol>
      <symbol id="sm-26f">
         <name>_XINT5_ISR</name>
         <value>0x8318</value>
         <object_component_ref idref="oc-9e"/>
      </symbol>
      <symbol id="sm-282">
         <name>_CpuTimer2</name>
         <value>0xe188</value>
         <object_component_ref idref="oc-a7"/>
      </symbol>
      <symbol id="sm-283">
         <name>_CpuTimer0</name>
         <value>0xe190</value>
         <object_component_ref idref="oc-a7"/>
      </symbol>
      <symbol id="sm-284">
         <name>_CpuTimer1</name>
         <value>0xe180</value>
         <object_component_ref idref="oc-a7"/>
      </symbol>
      <symbol id="sm-285">
         <name>_InitCpuTimers</name>
         <value>0x8945</value>
         <object_component_ref idref="oc-109"/>
      </symbol>
      <symbol id="sm-286">
         <name>_ConfigCpuTimer</name>
         <value>0x8986</value>
         <object_component_ref idref="oc-109"/>
      </symbol>
      <symbol id="sm-291">
         <name>code_start</name>
         <value>0x0</value>
         <object_component_ref idref="oc-47"/>
      </symbol>
      <symbol id="sm-299">
         <name>_ADC_cal</name>
         <value>0x380080</value>
         <object_component_ref idref="oc-af"/>
      </symbol>
      <symbol id="sm-2ad">
         <name>_c_int00</name>
         <value>0x8b8c</value>
         <object_component_ref idref="oc-b3"/>
      </symbol>
      <symbol id="sm-2ae">
         <name>__stack</name>
         <value>0x400</value>
         <object_component_ref idref="oc-b4"/>
      </symbol>
      <symbol id="sm-2ba">
         <name>_cos</name>
         <value>0x8a29</value>
         <object_component_ref idref="oc-ff"/>
      </symbol>
      <symbol id="sm-2cb">
         <name>C$$EXIT</name>
         <value>0x8ccd</value>
         <object_component_ref idref="oc-fc"/>
      </symbol>
      <symbol id="sm-2cc">
         <name>_exit</name>
         <value>0x8ccf</value>
         <object_component_ref idref="oc-fc"/>
      </symbol>
      <symbol id="sm-2cd">
         <name>___TI_cleanup_ptr</name>
         <value>0xe19c</value>
         <object_component_ref idref="oc-bf"/>
      </symbol>
      <symbol id="sm-2ce">
         <name>_abort</name>
         <value>0x8ccd</value>
         <object_component_ref idref="oc-fc"/>
      </symbol>
      <symbol id="sm-2cf">
         <name>___TI_dtors_ptr</name>
         <value>0xe19e</value>
         <object_component_ref idref="oc-bf"/>
      </symbol>
      <symbol id="sm-2dc">
         <name>FS$$DIV</name>
         <value>0x883a</value>
         <object_component_ref idref="oc-c3"/>
      </symbol>
      <symbol id="sm-2eb">
         <name>___memcpy_ff</name>
         <value>0x8c93</value>
         <object_component_ref idref="oc-f9"/>
      </symbol>
      <symbol id="sm-2fc">
         <name>_pow</name>
         <value>0x8a8a</value>
         <object_component_ref idref="oc-fe"/>
      </symbol>
      <symbol id="sm-307">
         <name>_sin</name>
         <value>0x8ae4</value>
         <object_component_ref idref="oc-100"/>
      </symbol>
      <symbol id="sm-315">
         <name>_sqrt</name>
         <value>0x8c2c</value>
         <object_component_ref idref="oc-101"/>
      </symbol>
      <symbol id="sm-323">
         <name>__unlock</name>
         <value>0xe198</value>
         <object_component_ref idref="oc-d9"/>
      </symbol>
      <symbol id="sm-324">
         <name>__lock</name>
         <value>0xe19a</value>
         <object_component_ref idref="oc-d9"/>
      </symbol>
      <symbol id="sm-325">
         <name>__register_lock</name>
         <value>0x8d00</value>
         <object_component_ref idref="oc-fd"/>
      </symbol>
      <symbol id="sm-326">
         <name>__nop</name>
         <value>0x8d04</value>
         <object_component_ref idref="oc-fd"/>
      </symbol>
      <symbol id="sm-327">
         <name>__register_unlock</name>
         <value>0x8cfc</value>
         <object_component_ref idref="oc-fd"/>
      </symbol>
      <symbol id="sm-333">
         <name>__log</name>
         <value>0x8b3c</value>
         <object_component_ref idref="oc-103"/>
      </symbol>
      <symbol id="sm-33f">
         <name>__args_main</name>
         <value>0x8cb4</value>
         <object_component_ref idref="oc-fb"/>
      </symbol>
      <symbol id="sm-340">
         <name>__TI_args_main</name>
         <value>0x1</value>
      </symbol>
      <symbol id="sm-34a">
         <name>_errno</name>
         <value>0xe1a0</value>
         <object_component_ref idref="oc-e7"/>
      </symbol>
      <symbol id="sm-358">
         <name>_exp</name>
         <value>0x89c1</value>
         <object_component_ref idref="oc-104"/>
      </symbol>
      <symbol id="sm-365">
         <name>_frexp</name>
         <value>0x8ce6</value>
         <object_component_ref idref="oc-10a"/>
      </symbol>
      <symbol id="sm-36f">
         <name>I$$MOD</name>
         <value>0x8c82</value>
         <object_component_ref idref="oc-f1"/>
      </symbol>
      <symbol id="sm-370">
         <name>I$$DIV</name>
         <value>0x8c71</value>
         <object_component_ref idref="oc-f1"/>
      </symbol>
      <symbol id="sm-380">
         <name>_ldexp</name>
         <value>0x8bd2</value>
         <object_component_ref idref="oc-10b"/>
      </symbol>
   </symbol_table>
   <title>Link successful</title>
</link_info>
